Component: ARM Compiler 5.06 update 7 (build 960) Tool: armlink [4d3601]

==============================================================================

Section Cross References

    startup_stm32f407xx.o(STACK) refers (Special) to heapauxi.o(.text) for __use_two_region_memory
    startup_stm32f407xx.o(HEAP) refers (Special) to heapauxi.o(.text) for __use_two_region_memory
    startup_stm32f407xx.o(RESET) refers (Special) to heapauxi.o(.text) for __use_two_region_memory
    startup_stm32f407xx.o(RESET) refers to startup_stm32f407xx.o(STACK) for __initial_sp
    startup_stm32f407xx.o(RESET) refers to startup_stm32f407xx.o(.text) for Reset_Handler
    startup_stm32f407xx.o(RESET) refers to stm32f4xx_it.o(i.NMI_Handler) for NMI_Handler
    startup_stm32f407xx.o(RESET) refers to stm32f4xx_it.o(i.HardFault_Handler) for HardFault_Handler
    startup_stm32f407xx.o(RESET) refers to stm32f4xx_it.o(i.MemManage_Handler) for MemManage_Handler
    startup_stm32f407xx.o(RESET) refers to stm32f4xx_it.o(i.BusFault_Handler) for BusFault_Handler
    startup_stm32f407xx.o(RESET) refers to stm32f4xx_it.o(i.UsageFault_Handler) for UsageFault_Handler
    startup_stm32f407xx.o(RESET) refers to port.o(.emb_text) for SVC_Handler
    startup_stm32f407xx.o(RESET) refers to stm32f4xx_it.o(i.DebugMon_Handler) for DebugMon_Handler
    startup_stm32f407xx.o(RESET) refers to stm32f4xx_it.o(i.SysTick_Handler) for SysTick_Handler
    startup_stm32f407xx.o(RESET) refers to stm32f4xx_it.o(i.EXTI0_IRQHandler) for EXTI0_IRQHandler
    startup_stm32f407xx.o(RESET) refers to stm32f4xx_it.o(i.EXTI4_IRQHandler) for EXTI4_IRQHandler
    startup_stm32f407xx.o(RESET) refers to stm32f4xx_it.o(i.DMA1_Stream1_IRQHandler) for DMA1_Stream1_IRQHandler
    startup_stm32f407xx.o(RESET) refers to stm32f4xx_it.o(i.CAN1_RX0_IRQHandler) for CAN1_RX0_IRQHandler
    startup_stm32f407xx.o(RESET) refers to stm32f4xx_it.o(i.EXTI9_5_IRQHandler) for EXTI9_5_IRQHandler
    startup_stm32f407xx.o(RESET) refers to control_task.o(i.USART1_IRQHandler) for USART1_IRQHandler
    startup_stm32f407xx.o(RESET) refers to stm32f4xx_it.o(i.USART3_IRQHandler) for USART3_IRQHandler
    startup_stm32f407xx.o(RESET) refers to stm32f4xx_it.o(i.DMA2_Stream1_IRQHandler) for DMA2_Stream1_IRQHandler
    startup_stm32f407xx.o(RESET) refers to ins_task.o(i.DMA2_Stream2_IRQHandler) for DMA2_Stream2_IRQHandler
    startup_stm32f407xx.o(RESET) refers to stm32f4xx_it.o(i.DMA2_Stream3_IRQHandler) for DMA2_Stream3_IRQHandler
    startup_stm32f407xx.o(RESET) refers to stm32f4xx_it.o(i.CAN2_RX0_IRQHandler) for CAN2_RX0_IRQHandler
    startup_stm32f407xx.o(RESET) refers to stm32f4xx_it.o(i.OTG_FS_IRQHandler) for OTG_FS_IRQHandler
    startup_stm32f407xx.o(RESET) refers to stm32f4xx_it.o(i.DMA2_Stream5_IRQHandler) for DMA2_Stream5_IRQHandler
    startup_stm32f407xx.o(RESET) refers to stm32f4xx_it.o(i.DMA2_Stream6_IRQHandler) for DMA2_Stream6_IRQHandler
    startup_stm32f407xx.o(RESET) refers to stm32f4xx_it.o(i.DMA2_Stream7_IRQHandler) for DMA2_Stream7_IRQHandler
    startup_stm32f407xx.o(RESET) refers to referee_task.o(i.USART6_IRQHandler) for USART6_IRQHandler
    startup_stm32f407xx.o(.text) refers (Special) to heapauxi.o(.text) for __use_two_region_memory
    startup_stm32f407xx.o(.text) refers to system_stm32f4xx.o(i.SystemInit) for SystemInit
    startup_stm32f407xx.o(.text) refers to __main.o(!!!main) for __main
    startup_stm32f407xx.o(.text) refers to startup_stm32f407xx.o(HEAP) for Heap_Mem
    startup_stm32f407xx.o(.text) refers to startup_stm32f407xx.o(STACK) for Stack_Mem
    main.o(i.SystemClock_Config) refers to rt_memclr_w.o(.text) for __aeabi_memclr4
    main.o(i.SystemClock_Config) refers to stm32f4xx_hal_rcc.o(i.HAL_RCC_OscConfig) for HAL_RCC_OscConfig
    main.o(i.SystemClock_Config) refers to main.o(i.Error_Handler) for Error_Handler
    main.o(i.SystemClock_Config) refers to stm32f4xx_hal_rcc.o(i.HAL_RCC_ClockConfig) for HAL_RCC_ClockConfig
    main.o(i.main) refers to stm32f4xx_hal.o(i.HAL_Init) for HAL_Init
    main.o(i.main) refers to main.o(i.SystemClock_Config) for SystemClock_Config
    main.o(i.main) refers to gpio.o(i.USB_GPIO_CONSTRAINT_RESTART) for USB_GPIO_CONSTRAINT_RESTART
    main.o(i.main) refers to gpio.o(i.MX_GPIO_Init) for MX_GPIO_Init
    main.o(i.main) refers to dma.o(i.MX_DMA_Init) for MX_DMA_Init
    main.o(i.main) refers to can.o(i.MX_CAN1_Init) for MX_CAN1_Init
    main.o(i.main) refers to can.o(i.MX_CAN2_Init) for MX_CAN2_Init
    main.o(i.main) refers to spi.o(i.MX_SPI1_Init) for MX_SPI1_Init
    main.o(i.main) refers to tim.o(i.MX_TIM10_Init) for MX_TIM10_Init
    main.o(i.main) refers to usart.o(i.MX_USART1_UART_Init) for MX_USART1_UART_Init
    main.o(i.main) refers to usart.o(i.MX_USART3_UART_Init) for MX_USART3_UART_Init
    main.o(i.main) refers to crc.o(i.MX_CRC_Init) for MX_CRC_Init
    main.o(i.main) refers to rng.o(i.MX_RNG_Init) for MX_RNG_Init
    main.o(i.main) refers to usart.o(i.MX_USART6_UART_Init) for MX_USART6_UART_Init
[...]
    bmi088_accel_init                        0x0800e6dd   Thumb Code   290  bmi088driver.o(i.bmi088_accel_init)
    bmi088_gyro_init                         0x0800e805   Thumb Code   238  bmi088driver.o(i.bmi088_gyro_init)
    can_filter_init                          0x0800e8f9   Thumb Code    84  bsp_can.o(i.can_filter_init)
    get_chassis_motor_measure_point          0x0800ea4d   Thumb Code    18  drv_can_receive.o(i.get_chassis_motor_measure_point)
    get_friction_motor_measure_point         0x0800ea99   Thumb Code    18  drv_can_receive.o(i.get_friction_motor_measure_point)
    get_trigger_motor_measure_point          0x0800eab1   Thumb Code     4  drv_can_receive.o(i.get_trigger_motor_measure_point)
    get_yaw_gimbal_motor_measure_point       0x0800eab9   Thumb Code     4  drv_can_receive.o(i.get_yaw_gimbal_motor_measure_point)
    main                                     0x0800ee65   Thumb Code   160  main.o(i.main)
    osDelay                                  0x0800ef9d   Thumb Code    24  cmsis_os.o(i.osDelay)
    osDelayUntil                             0x0800efb5   Thumb Code    28  cmsis_os.o(i.osDelayUntil)
    osKernelStart                            0x0800efd1   Thumb Code    10  cmsis_os.o(i.osKernelStart)
    osKernelSysTick                          0x0800efdb   Thumb Code    20  cmsis_os.o(i.osKernelSysTick)
    osThreadCreate                           0x0800efef   Thumb Code    94  cmsis_os.o(i.osThreadCreate)
    pcTaskGetName                            0x0800f07d   Thumb Code    44  tasks.o(i.pcTaskGetName)
    pvPortMalloc                             0x0800fbe9   Thumb Code   306  heap_4.o(i.pvPortMalloc)
    pxPortInitialiseStack                    0x0800fd35   Thumb Code    38  port.o(i.pxPortInitialiseStack)
    sqrtf                                    0x0800fe41   Thumb Code    62  sqrtf.o(i.sqrtf)
    ulTaskNotifyTake                         0x0800feb1   Thumb Code   108  tasks.o(i.ulTaskNotifyTake)
    usbreceive                               0x0800ff25   Thumb Code    58  motion.o(i.usbreceive)
    uxListRemove                             0x0800ff65   Thumb Code    40  list.o(i.uxListRemove)
    vApplicationGetIdleTaskMemory            0x0800ff8d   Thumb Code    14  freertos.o(i.vApplicationGetIdleTaskMemory)
    vApplicationGetTimerTaskMemory           0x0800ffa5   Thumb Code    16  freertos.o(i.vApplicationGetTimerTaskMemory)
    vListInitialise                          0x0800ffbd   Thumb Code    26  list.o(i.vListInitialise)
    vListInitialiseItem                      0x0800ffd7   Thumb Code     6  list.o(i.vListInitialiseItem)
    vListInsert                              0x0800ffdd   Thumb Code    52  list.o(i.vListInsert)
    vListInsertEnd                           0x08010011   Thumb Code    24  list.o(i.vListInsertEnd)
    vPortEnterCritical                       0x08010029   Thumb Code    76  port.o(i.vPortEnterCritical)
    vPortExitCritical                        0x0801007d   Thumb Code    56  port.o(i.vPortExitCritical)
    vPortFree                                0x080100b9   Thumb Code   150  heap_4.o(i.vPortFree)
    vPortSetupTimerInterrupt                 0x0801015d   Thumb Code    36  port.o(i.vPortSetupTimerInterrupt)
    vPortValidateInterruptPriority           0x08010185   Thumb Code   106  port.o(i.vPortValidateInterruptPriority)
    vQueueAddToRegistry                      0x080101fd   Thumb Code    38  queue.o(i.vQueueAddToRegistry)
    vQueueWaitForMessageRestricted           0x08010229   Thumb Code    74  queue.o(i.vQueueWaitForMessageRestricted)
    vTaskDelay                               0x08010275   Thumb Code    82  tasks.o(i.vTaskDelay)
    vTaskDelayUntil                          0x080102d1   Thumb Code   200  tasks.o(i.vTaskDelayUntil)
    vTaskInternalSetTimeOutState             0x080103a5   Thumb Code    14  tasks.o(i.vTaskInternalSetTimeOutState)
    vTaskMissedYield                         0x080103bd   Thumb Code     8  tasks.o(i.vTaskMissedYield)
    vTaskNotifyGiveFromISR                   0x080103c9   Thumb Code   214  tasks.o(i.vTaskNotifyGiveFromISR)
    vTaskPlaceOnEventList                    0x080104b9   Thumb Code    52  tasks.o(i.vTaskPlaceOnEventList)
    vTaskPlaceOnEventListRestricted          0x080104f1   Thumb Code    60  tasks.o(i.vTaskPlaceOnEventListRestricted)
    vTaskStartScheduler                      0x08010531   Thumb Code   156  tasks.o(i.vTaskStartScheduler)
    vTaskSuspendAll                          0x080105e9   Thumb Code    12  tasks.o(i.vTaskSuspendAll)
    vTaskSwitchContext                       0x080105f9   Thumb Code   118  tasks.o(i.vTaskSwitchContext)
    xPortStartScheduler                      0x080106c9   Thumb Code   330  port.o(i.xPortStartScheduler)
    xPortSysTickHandler                      0x08010831   Thumb Code    46  port.o(i.xPortSysTickHandler)
    xQueueGenericCreateStatic                0x08010865   Thumb Code   224  queue.o(i.xQueueGenericCreateStatic)
    xQueueGenericReset                       0x08010945   Thumb Code   146  queue.o(i.xQueueGenericReset)
    xQueueGenericSend                        0x080109dd   Thumb Code   420  queue.o(i.xQueueGenericSend)
    xQueueGenericSendFromISR                 0x08010b85   Thumb Code   252  queue.o(i.xQueueGenericSendFromISR)
    xQueueReceive                            0x08010c81   Thumb Code   356  queue.o(i.xQueueReceive)
    xTaskCheckForTimeOut                     0x08010de9   Thumb Code   156  tasks.o(i.xTaskCheckForTimeOut)
    xTaskCreate                              0x08010e91   Thumb Code   100  tasks.o(i.xTaskCreate)
    xTaskCreateStatic                        0x08010ef5   Thumb Code   186  tasks.o(i.xTaskCreateStatic)
    xTaskGenericNotify                       0x08010fb1   Thumb Code   280  tasks.o(i.xTaskGenericNotify)
    xTaskGetHandle                           0x080110d9   Thumb Code   142  tasks.o(i.xTaskGetHandle)
    xTaskGetSchedulerState                   0x0801117d   Thumb Code    24  tasks.o(i.xTaskGetSchedulerState)
    xTaskGetTickCount                        0x0801119d   Thumb Code     6  tasks.o(i.xTaskGetTickCount)
    xTaskGetTickCountFromISR                 0x080111a9   Thumb Code    16  tasks.o(i.xTaskGetTickCountFromISR)
    xTaskIncrementTick                       0x080111bd   Thumb Code   282  tasks.o(i.xTaskIncrementTick)
    xTaskPriorityDisinherit                  0x08011305   Thumb Code   188  tasks.o(i.xTaskPriorityDisinherit)
    xTaskRemoveFromEventList                 0x080113cd   Thumb Code   128  tasks.o(i.xTaskRemoveFromEventList)
    xTaskResumeAll                           0x08011465   Thumb Code   224  tasks.o(i.xTaskResumeAll)
    xTimerCreateTimerTask                    0x08011569   Thumb Code   100  timers.o(i.xTimerCreateTimerTask)
    xTimerGenericCommand                     0x080115e1   Thumb Code   128  timers.o(i.xTimerGenericCommand)
    zerocheckangle                           0x080116a9   Thumb Code    88  zerocheck.o(i.zerocheckangle)
    _fp_init                                 0x0801170d   Thumb Code    10  fpinit.o(x$fpl$fpinit)
    __fplib_config_fpu_vfp                   0x08011715   Thumb Code     0  fpinit.o(x$fpl$fpinit)
    __fplib_config_pureend_doubles           0x08011715   Thumb Code     0  fpinit.o(x$fpl$fpinit)
    __I$use$fp                               0x08011716   Number         0  usenofp.o(x$fpl$usenofp)
    AHBPrescTable                            0x08011800   Data          16  system_stm32f4xx.o(.constdata)
    APBPrescTable                            0x08011810   Data           8  system_stm32f4xx.o(.constdata)
    sinTable_f32                             0x08011da0   Data        2052  arm_common_tables.o(.rodata.sinTable_f32)
    Region$$Table$$Base                      0x080125a4   Number         0  anon$$obj.o(Region$$Table)
    Region$$Table$$Limit                     0x080125c4   Number         0  anon$$obj.o(Region$$Table)
    ins_taskHandle                           0x20000000   Data           4  freertos.o(.data)
    chassis_taskHandle                       0x20000004   Data           4  freertos.o(.data)
    gimbal_taskHandle                        0x20000008   Data           4  freertos.o(.data)
    shooter_taskHandle                       0x2000000c   Data           4  freertos.o(.data)
    usbreceive_taskHandle                    0x20000010   Data           4  freertos.o(.data)
    referee_taskHandle                       0x20000014   Data           4  freertos.o(.data)
    calibrate_taskHandle                     0x20000018   Data           4  freertos.o(.data)
    control_taskHandle                       0x2000001c   Data           4  freertos.o(.data)
    hcrc                                     0x20000024   Data           8  crc.o(.data)
    uwTick                                   0x2000002c   Data           4  stm32f4xx_hal.o(.data)
    uwTickPrio                               0x20000030   Data           4  stm32f4xx_hal.o(.data)
    uwTickFreq                               0x20000034   Data           1  stm32f4xx_hal.o(.data)
    SystemCoreClock                          0x20000038   Data           4  system_stm32f4xx.o(.data)
    pxCurrentTCB                             0x2000003c   Data           4  tasks.o(.data)
    BMI088_ACCEL_SEN                         0x200000b8   Data           4  bmi088driver.o(.data)
    BMI088_GYRO_SEN                          0x200000bc   Data           4  bmi088driver.o(.data)
    gNormDiff                                0x200000c0   Data           4  bmi088driver.o(.data)
    caliOffset                               0x200000c4   Data           1  bmi088driver.o(.data)
    caliCount                                0x200000c6   Data           2  bmi088driver.o(.data)
    motion                                   0x200000f4   Data           4  motion.o(.data)
    pAngleData                               0x200000f8   Data           4  motion.o(.data)
    SysTime                                  0x20000120   Data           8  bsp_dwt.o(.data)
    CYCCNT64                                 0x20000140   Data           8  bsp_dwt.o(.data)
    calibrate                                0x20000160   Data           1  calibrate_task.o(.data)
    imu_data                                 0x20000168   Data           8  ins_task.o(.data)
    gyro_dma_rx_buf                          0x20000170   Data           8  ins_task.o(.data)
    gyro_dma_tx_buf                          0x20000178   Data           8  ins_task.o(.data)
    accel_dma_tx_buf                         0x20000180   Data           9  ins_task.o(.data)
    accel_temp_dma_rx_buf                    0x20000189   Data           4  ins_task.o(.data)
    accel_temp_dma_tx_buf                    0x2000018d   Data           4  ins_task.o(.data)
    gyro_update_flag                         0x20000191   Data           1  ins_task.o(.data)
    accel_update_flag                        0x20000192   Data           1  ins_task.o(.data)
    accel_temp_update_flag                   0x20000193   Data           1  ins_task.o(.data)
    mag_update_flag                          0x20000194   Data           1  ins_task.o(.data)
    imu_start_dma_flag                       0x20000195   Data           1  ins_task.o(.data)
    FS_Desc                                  0x200001a0   Data          28  usbd_desc.o(.data)
    USBD_FS_DeviceDesc                       0x200001bc   Data          18  usbd_desc.o(.data)
    USBD_LangIDDesc                          0x200001d0   Data           4  usbd_desc.o(.data)
    USBD_StringSerial                        0x200001d4   Data          26  usbd_desc.o(.data)
    UserRxLen                                0x200001f0   Data           4  usbd_cdc_if.o(.data)
    USBD_Interface_fops_FS                   0x200001f4   Data          20  usbd_cdc_if.o(.data)
    USBD_CDC                                 0x20000218   Data          56  usbd_cdc.o(.data)
    hcan1                                    0x20000940   Data          40  can.o(.bss)
    hcan2                                    0x20000968   Data          40  can.o(.bss)
    hrng                                     0x20000990   Data          16  rng.o(.bss)
    hspi1                                    0x200009a0   Data          88  spi.o(.bss)
    hdma_spi1_rx                             0x200009f8   Data          96  spi.o(.bss)
    hdma_spi1_tx                             0x20000a58   Data          96  spi.o(.bss)
    htim10                                   0x20000ab8   Data          72  tim.o(.bss)
    huart1                                   0x20000b00   Data          72  usart.o(.bss)
    huart3                                   0x20000b48   Data          72  usart.o(.bss)
    huart6                                   0x20000b90   Data          72  usart.o(.bss)
    hdma_usart1_tx                           0x20000bd8   Data          96  usart.o(.bss)
    hdma_usart1_rx                           0x20000c38   Data          96  usart.o(.bss)
    hdma_usart3_rx                           0x20000c98   Data          96  usart.o(.bss)
    hdma_usart6_rx                           0x20000cf8   Data          96  usart.o(.bss)
    hdma_usart6_tx                           0x20000d58   Data          96  usart.o(.bss)
    xQueueRegistry                           0x20000db8   Data          64  queue.o(.bss)
    mahony                                   0x20006ff8   Data         116  mahonyahrs_dsp.o(.bss)
    IMU_PID                                  0x2000706c   Data          60  bmi088driver.o(.bss)
    gyroDiff                                 0x200070a8   Data          12  bmi088driver.o(.bss)
    BMI088                                   0x200070b4   Data          88  bmi088driver.o(.bss)
    usb                                      0x2000710c   Data          12  motion.o(.bss)
    hp                                       0x20007208   Data          36  heat_control.o(.bss)
    referee                                  0x2000722c   Data        2743  dvc_referee.o(.bss)
    chassis                                  0x20007ce4   Data         240  chassis_task.o(.bss)
    chassis_motion                           0x20007dd4   Data          76  chassis_task.o(.bss)
    key                                      0x20007e20   Data          60  control_task.o(.bss)
    VTM_Rx_Buf                               0x20007e5c   Data          21  control_task.o(.bss)
    yaw                                      0x20007e74   Data          80  gimbal_task.o(.bss)
    pitch                                    0x20007ec4   Data          80  gimbal_task.o(.bss)
    gimbal                                   0x20007f14   Data          16  gimbal_task.o(.bss)
    GYRO                                     0x20007f40   Data         128  ins_task.o(.bss)
    ACCEL                                    0x20007fc0   Data         128  ins_task.o(.bss)
    imu                                      0x20008040   Data          60  ins_task.o(.bss)
    accel_dma_rx_buf                         0x2000807c   Data           9  ins_task.o(.bss)
    shooter                                  0x20008088   Data         180  shooter_task.o(.bss)
    shooter_control                          0x2000813c   Data          44  shooter_task.o(.bss)
    hUsbDeviceFS                             0x20008168   Data         732  usb_device.o(.bss)
    USBD_StrDesc                             0x20008444   Data         512  usbd_desc.o(.bss)
    UserRxBufferFS                           0x20008644   Data        2048  usbd_cdc_if.o(.bss)
    UserTxBufferFS                           0x20008e44   Data        2048  usbd_cdc_if.o(.bss)
    hpcd_USB_OTG_FS                          0x20009644   Data        1252  usbd_conf.o(.bss)
    __libspace_start                         0x20009d48   Data          96  libspace.o(.bss)
    __temporary_stack_top$libspace           0x20009da8   Data           0  libspace.o(.bss)



==============================================================================

Memory Map of the image

  Image Entry point : 0x08000189

  Load Region LR_IROM1 (Base: 0x08000000, Size: 0x0001285c, Max: 0x00100000, ABSOLUTE, COMPRESSED[0x000126cc])

    Execution Region ER_IROM1 (Exec base: 0x08000000, Load base: 0x08000000, Size: 0x000125c4, Max: 0x00100000, ABSOLUTE)

    Exec Addr    Load Addr    Size         Type   Attr      Idx    E Section Name        Object

    0x08000000   0x08000000   0x00000188   Data   RO            3    RESET               startup_stm32f407xx.o
    0x08000188   0x08000188   0x00000008   Code   RO         9510  * !!!main             c_w.l(__main.o)
    0x08000190   0x08000190   0x00000034   Code   RO         9786    !!!scatter          c_w.l(__scatter.o)
    0x080001c4   0x080001c4   0x0000005a   Code   RO         9784    !!dczerorl2         c_w.l(__dczerorl2.o)
    0x0800021e   0x0800021e   0x00000002   PAD
    0x08000220   0x08000220   0x0000001c   Code   RO         9788    !!handler_zi        c_w.l(__scatter_zi.o)
    0x0800023c   0x0800023c   0x00000002   Code   RO         9655    .ARM.Collect$$libinit$$00000000  c_w.l(libinit.o)
    0x0800023e   0x0800023e   0x00000004   Code   RO         9664    .ARM.Collect$$libinit$$00000001  c_w.l(libinit2.o)
    0x08000242   0x08000242   0x00000000   Code   RO         9667    .ARM.Collect$$libinit$$00000004  c_w.l(libinit2.o)
    0x08000242   0x08000242   0x00000000   Code   RO         9670    .ARM.Collect$$libinit$$0000000A  c_w.l(libinit2.o)
    0x08000242   0x08000242   0x00000000   Code   RO         9672    .ARM.Collect$$libinit$$0000000C  c_w.l(libinit2.o)
    0x08000242   0x08000242   0x00000000   Code   RO         9674    .ARM.Collect$$libinit$$0000000E  c_w.l(libinit2.o)
    0x08000242   0x08000242   0x00000000   Code   RO         9677    .ARM.Collect$$libinit$$00000011  c_w.l(libinit2.o)
    0x08000242   0x08000242   0x00000000   Code   RO         9679    .ARM.Collect$$libinit$$00000013  c_w.l(libinit2.o)
    0x08000242   0x08000242   0x00000000   Code   RO         9681    .ARM.Collect$$libinit$$00000015  c_w.l(libinit2.o)
    0x08000242   0x08000242   0x00000000   Code   RO         9683    .ARM.Collect$$libinit$$00000017  c_w.l(libinit2.o)
    0x08000242   0x08000242   0x00000000   Code   RO         9685    .ARM.Collect$$libinit$$00000019  c_w.l(libinit2.o)
    0x08000242   0x08000242   0x00000000   Code   RO         9687    .ARM.Collect$$libinit$$0000001B  c_w.l(libinit2.o)
    0x08000242   0x08000242   0x00000000   Code   RO         9689    .ARM.Collect$$libinit$$0000001D  c_w.l(libinit2.o)
    0x08000242   0x08000242   0x00000000   Code   RO         9691    .ARM.Collect$$libinit$$0000001F  c_w.l(libinit2.o)
    0x08000242   0x08000242   0x00000000   Code   RO         9693    .ARM.Collect$$libinit$$00000021  c_w.l(libinit2.o)
    0x08000242   0x08000242   0x00000000   Code   RO         9695    .ARM.Collect$$libinit$$00000023  c_w.l(libinit2.o)
    0x08000242   0x08000242   0x00000000   Code   RO         9697    .ARM.Collect$$libinit$$00000025  c_w.l(libinit2.o)
    0x08000242   0x08000242   0x00000000   Code   RO         9701    .ARM.Collect$$libinit$$0000002C  c_w.l(libinit2.o)
    0x08000242   0x08000242   0x00000000   Code   RO         9703    .ARM.Collect$$libinit$$0000002E  c_w.l(libinit2.o)
    0x08000242   0x08000242   0x00000000   Code   RO         9705    .ARM.Collect$$libinit$$00000030  c_w.l(libinit2.o)
    0x08000242   0x08000242   0x00000000   Code   RO         9707    .ARM.Collect$$libinit$$00000032  c_w.l(libinit2.o)
    0x08000242   0x08000242   0x00000002   Code   RO         9708    .ARM.Collect$$libinit$$00000033  c_w.l(libinit2.o)
    0x08000244   0x08000244   0x00000002   Code   RO         9739    .ARM.Collect$$libshutdown$$00000000  c_w.l(libshutdown.o)
    0x08000246   0x08000246   0x00000000   Code   RO         9765    .ARM.Collect$$libshutdown$$00000002  c_w.l(libshutdown2.o)
    0x08000246   0x08000246   0x00000000   Code   RO         9767    .ARM.Collect$$libshutdown$$00000004  c_w.l(libshutdown2.o)
    0x08000246   0x08000246   0x00000000   Code   RO         9769    .ARM.Collect$$libshutdown$$00000006  c_w.l(libshutdown2.o)
    0x08000246   0x08000246   0x00000000   Code   RO         9772    .ARM.Collect$$libshutdown$$00000009  c_w.l(libshutdown2.o)
    0x08000246   0x08000246   0x00000000   Code   RO         9775    .ARM.Collect$$libshutdown$$0000000C  c_w.l(libshutdown2.o)
    0x08000246   0x08000246   0x00000000   Code   RO         9777    .ARM.Collect$$libshutdown$$0000000E  c_w.l(libshutdown2.o)
    0x08000246   0x08000246   0x00000000   Code   RO         9780    .ARM.Collect$$libshutdown$$00000011  c_w.l(libshutdown2.o)
    0x08000246   0x08000246   0x00000002   Code   RO         9781    .ARM.Collect$$libshutdown$$00000012  c_w.l(libshutdown2.o)
    0x08000248   0x08000248   0x00000000   Code   RO         9582    .ARM.Collect$$rtentry$$00000000  c_w.l(__rtentry.o)
    0x08000248   0x08000248   0x00000000   Code   RO         9616    .ARM.Collect$$rtentry$$00000002  c_w.l(__rtentry2.o)
    0x08000248   0x08000248   0x00000006   Code   RO         9628    .ARM.Collect$$rtentry$$00000004  c_w.l(__rtentry4.o)
    0x0800024e   0x0800024e   0x00000000   Code   RO         9618    .ARM.Collect$$rtentry$$00000009  c_w.l(__rtentry2.o)
    0x0800024e   0x0800024e   0x00000004   Code   RO         9619    .ARM.Collect$$rtentry$$0000000A  c_w.l(__rtentry2.o)
    0x08000252   0x08000252   0x00000000   Code   RO         9621    .ARM.Collect$$rtentry$$0000000C  c_w.l(__rtentry2.o)
    0x08000252   0x08000252   0x00000008   Code   RO         9622    .ARM.Collect$$rtentry$$0000000D  c_w.l(__rtentry2.o)
    0x0800025a   0x0800025a   0x00000002   Code   RO         9656    .ARM.Collect$$rtexit$$00000000  c_w.l(rtexit.o)
    0x0800025c   0x0800025c   0x00000000   Code   RO         9712    .ARM.Collect$$rtexit$$00000002  c_w.l(rtexit2.o)
    0x0800025c   0x0800025c   0x00000004   Code   RO         9713    .ARM.Collect$$rtexit$$00000003  c_w.l(rtexit2.o)
    0x08000260   0x08000260   0x00000006   Code   RO         9714    .ARM.Collect$$rtexit$$00000004  c_w.l(rtexit2.o)
    0x08000266   0x08000266   0x00000002   PAD
    0x08000268   0x08000268   0x000000be   Code   RO         6347    .emb_text           port.o
    0x08000326   0x08000326   0x00000002   PAD
    0x08000328   0x08000328   0x00000040   Code   RO            4    .text               startup_stm32f407xx.o
    0x08000368   0x08000368   0x000000ee   Code   RO         9492    .text               c_w.l(lludivv7m.o)
    0x08000456   0x08000456   0x0000003e   Code   RO         9494    .text               c_w.l(strlen.o)
    0x08000494   0x08000494   0x0000008a   Code   RO         9496    .text               c_w.l(rt_memcpy_v6.o)
    0x0800051e   0x0800051e   0x00000064   Code   RO         9498    .text               c_w.l(rt_memcpy_w.o)
    0x08000582   0x08000582   0x00000010   Code   RO         9502    .text               c_w.l(aeabi_memset.o)
    0x08000592   0x08000592   0x00000044   Code   RO         9504    .text               c_w.l(rt_memclr.o)
    0x080005d6   0x080005d6   0x0000004e   Code   RO         9506    .text               c_w.l(rt_memclr_w.o)
    0x08000624   0x08000624   0x00000006   Code   RO         9508    .text               c_w.l(heapauxi.o)
    0x0800062a   0x0800062a   0x00000016   Code   RO         9587    .text               c_w.l(_rserrno.o)
    0x08000640   0x08000640   0x00000008   Code   RO         9635    .text               c_w.l(rt_errno_addr_intlibspace.o)
    0x08000648   0x08000648   0x00000008   Code   RO         9639    .text               c_w.l(libspace.o)
    0x08000650   0x08000650   0x0000004a   Code   RO         9642    .text               c_w.l(sys_stackheap_outer.o)
    0x0800069a   0x0800069a   0x00000012   Code   RO         9644    .text               c_w.l(exit.o)
    0x080006ac   0x080006ac   0x0000000c   Code   RO         9709    .text               c_w.l(sys_exit.o)
    0x080006b8   0x080006b8   0x00000002   Code   RO         9728    .text               c_w.l(use_no_semi.o)
    0x080006ba   0x080006ba   0x00000000   Code   RO         9730    .text               c_w.l(indicate_semi.o)
    0x080006ba   0x080006ba   0x00000002   PAD
    0x080006bc   0x080006bc   0x0000009c   Code   RO         9327    .text.arm_dot_prod_f32  arm_cortexM4lf_math.lib(arm_dot_prod_f32.o)
    0x08000758   0x08000758   0x00000008   Code   RO         9354    .text.arm_mat_init_f32  arm_cortexM4lf_math.lib(arm_mat_init_f32.o)
    0x08000760   0x08000760   0x00000066   Code   RO         9336    .text.arm_scale_f32  arm_cortexM4lf_math.lib(arm_scale_f32.o)
    0x080007c6   0x080007c6   0x00000002   PAD
    0x080007c8   0x080007c8   0x00000124   Code   RO         9362    .text.arm_sin_cos_f32  arm_cortexM4lf_math.lib(arm_sin_cos_f32.o)
    0x080008ec   0x080008ec   0x0000008e   Code   RO         9345    .text.arm_sub_f32   arm_cortexM4lf_math.lib(arm_sub_f32.o)
    0x0800097a   0x0800097a   0x00000002   PAD
    0x0800097c   0x0800097c   0x00000014   Code   RO         6728    i.BMI088_ACCEL_NS_H  bmi088middleware.o
    0x08000990   0x08000990   0x00000014   Code   RO         6729    i.BMI088_ACCEL_NS_L  bmi088middleware.o
    0x080009a4   0x080009a4   0x00000002   Code   RO         6730    i.BMI088_GPIO_init  bmi088middleware.o
    0x080009a6   0x080009a6   0x00000002   PAD
    0x080009a8   0x080009a8   0x00000014   Code   RO         6731    i.BMI088_GYRO_NS_H  bmi088middleware.o
    0x080009bc   0x080009bc   0x00000014   Code   RO         6732    i.BMI088_GYRO_NS_L  bmi088middleware.o
    0x080009d0   0x080009d0   0x00000080   Code   RO         6511    i.BMI088_accel_read_over  bmi088driver.o
    0x08000a50   0x08000a50   0x00000002   Code   RO         6733    i.BMI088_com_init   bmi088middleware.o
    0x08000a52   0x08000a52   0x0000001a   Code   RO         6734    i.BMI088_delay_ms   bmi088middleware.o
    0x08000a6c   0x08000a6c   0x0000004a   Code   RO         6735    i.BMI088_delay_us   bmi088middleware.o
    0x08000ab6   0x08000ab6   0x00000002   PAD
    0x08000ab8   0x08000ab8   0x00000074   Code   RO         6512    i.BMI088_gyro_read_over  bmi088driver.o
    0x08000b2c   0x08000b2c   0x00000058   Code   RO         6513    i.BMI088_init       bmi088driver.o
    0x08000b84   0x08000b84   0x00000198   Code   RO         6514    i.BMI088_read       bmi088driver.o
    0x08000d1c   0x08000d1c   0x00000026   Code   RO         6517    i.BMI088_read_muli_reg  bmi088driver.o
    0x08000d42   0x08000d42   0x00000018   Code   RO         6518    i.BMI088_read_single_reg  bmi088driver.o
    0x08000d5a   0x08000d5a   0x00000002   PAD
    0x08000d5c   0x08000d5c   0x00000020   Code   RO         6736    i.BMI088_read_write_byte  bmi088middleware.o
    0x08000d7c   0x08000d7c   0x00000034   Code   RO         6519    i.BMI088_temperature_read_over  bmi088driver.o
    0x08000db0   0x08000db0   0x00000014   Code   RO         6520    i.BMI088_write_single_reg  bmi088driver.o
    0x08000dc4   0x08000dc4   0x00000004   Code   RO          813    i.BusFault_Handler  stm32f4xx_it.o
    0x08000dc8   0x08000dc8   0x000000a4   Code   RO         7997    i.CALIBRATE_TASK    calibrate_task.o
    0x08000e6c   0x08000e6c   0x00000010   Code   RO          814    i.CAN1_RX0_IRQHandler  stm32f4xx_it.o
    0x08000e7c   0x08000e7c   0x00000010   Code   RO          815    i.CAN2_RX0_IRQHandler  stm32f4xx_it.o
    0x08000e8c   0x08000e8c   0x00000050   Code   RO         6967    i.CAN_cmd_chassis   drv_can_receive.o
    0x08000edc   0x08000edc   0x00000038   Code   RO         6969    i.CAN_cmd_pitch     drv_can_receive.o
    0x08000f14   0x08000f14   0x00000050   Code   RO         6970    i.CAN_cmd_shoot     drv_can_receive.o
    0x08000f64   0x08000f64   0x00000038   Code   RO         6971    i.CAN_cmd_yaw       drv_can_receive.o
    0x08000f9c   0x08000f9c   0x00000044   Code   RO         8626    i.CDC_Control_FS    usbd_cdc_if.o
    0x08000fe0   0x08000fe0   0x00000004   Code   RO         8627    i.CDC_DeInit_FS     usbd_cdc_if.o
    0x08000fe4   0x08000fe4   0x00000024   Code   RO         8628    i.CDC_Init_FS       usbd_cdc_if.o
    0x08001008   0x08001008   0x00000050   Code   RO         8629    i.CDC_Receive_FS    usbd_cdc_if.o
    0x08001058   0x08001058   0x0000000c   Code   RO         8630    i.CDC_TransmitCplt_FS  usbd_cdc_if.o
    0x08001064   0x08001064   0x00000298   Code   RO         8031    i.CHASSIS_TASK      chassis_task.o
    0x080012fc   0x080012fc   0x000000a0   Code   RO         8141    i.CONTROL_TASK      control_task.o
    0x0800139c   0x0800139c   0x0000064c   Code   RO         6521    i.Calibrate_BMI088  bmi088driver.o
    0x080019e8   0x080019e8   0x00000010   Code   RO          816    i.DMA1_Stream1_IRQHandler  stm32f4xx_it.o
    0x080019f8   0x080019f8   0x00000010   Code   RO          817    i.DMA2_Stream1_IRQHandler  stm32f4xx_it.o
    0x08001a08   0x08001a08   0x00000898   Code   RO         8274    i.DMA2_Stream2_IRQHandler  ins_task.o
    0x080022a0   0x080022a0   0x00000010   Code   RO          818    i.DMA2_Stream3_IRQHandler  stm32f4xx_it.o
    0x080022b0   0x080022b0   0x00000010   Code   RO          819    i.DMA2_Stream5_IRQHandler  stm32f4xx_it.o
    0x080022c0   0x080022c0   0x00000010   Code   RO          820    i.DMA2_Stream6_IRQHandler  stm32f4xx_it.o
    0x080022d0   0x080022d0   0x00000010   Code   RO          821    i.DMA2_Stream7_IRQHandler  stm32f4xx_it.o
    0x080022e0   0x080022e0   0x00000034   Code   RO         2079    i.DMA_CalcBaseAndBitshift  stm32f4xx_hal_dma.o
    0x08002314   0x08002314   0x000000aa   Code   RO         2080    i.DMA_CheckFifoParam  stm32f4xx_hal_dma.o
    0x080023be   0x080023be   0x0000002c   Code   RO         2081    i.DMA_SetConfig     stm32f4xx_hal_dma.o
    0x080023ea   0x080023ea   0x00000002   PAD
    0x080023ec   0x080023ec   0x00000030   Code   RO         7920    i.DWT_CNT_Update    bsp_dwt.o
    0x0800241c   0x0800241c   0x0000003c   Code   RO         7921    i.DWT_Delay         bsp_dwt.o
    0x08002458   0x08002458   0x00000054   Code   RO         7925    i.DWT_GetTimeline_s  bsp_dwt.o
    0x080024ac   0x080024ac   0x000000d0   Code   RO         7928    i.DWT_SysTimeUpdate  bsp_dwt.o
    0x0800257c   0x0800257c   0x00000002   Code   RO          822    i.DebugMon_Handler  stm32f4xx_it.o
    0x0800257e   0x0800257e   0x0000000a   Code   RO          823    i.EXTI0_IRQHandler  stm32f4xx_it.o
    0x08002588   0x08002588   0x0000000a   Code   RO          824    i.EXTI4_IRQHandler  stm32f4xx_it.o
    0x08002592   0x08002592   0x0000000a   Code   RO          825    i.EXTI9_5_IRQHandler  stm32f4xx_it.o
    0x0800259c   0x0800259c   0x00000006   Code   RO           13    i.Error_Handler     main.o
    0x080025a2   0x080025a2   0x00000002   PAD
    0x080025a4   0x080025a4   0x000001c0   Code   RO         8207    i.GIMBAL_TASK       gimbal_task.o
    0x08002764   0x08002764   0x000000fc   Code   RO         6427    i.Get_Angle1        mahonyahrs_dsp.o
    0x08002860   0x08002860   0x00000034   Code   RO         8536    i.Get_SerialNum     usbd_desc.o
    0x08002894   0x08002894   0x0000002a   Code   RO         2776    i.HAL_CAN_ActivateNotification  stm32f4xx_hal_can.o
    0x080028be   0x080028be   0x0000014a   Code   RO         2777    i.HAL_CAN_AddTxMessage  stm32f4xx_hal_can.o
    0x08002a08   0x08002a08   0x00000120   Code   RO         2778    i.HAL_CAN_ConfigFilter  stm32f4xx_hal_can.o
    0x08002b28   0x08002b28   0x00000002   Code   RO         2781    i.HAL_CAN_ErrorCallback  stm32f4xx_hal_can.o
    0x08002b2a   0x08002b2a   0x00000194   Code   RO         2784    i.HAL_CAN_GetRxMessage  stm32f4xx_hal_can.o
    0x08002cbe   0x08002cbe   0x0000024e   Code   RO         2788    i.HAL_CAN_IRQHandler  stm32f4xx_hal_can.o
    0x08002f0c   0x08002f0c   0x00000174   Code   RO         2789    i.HAL_CAN_Init      stm32f4xx_hal_can.o
    0x08003080   0x08003080   0x00000160   Code   RO          507    i.HAL_CAN_MspInit   can.o
    0x080031e0   0x080031e0   0x00000002   Code   RO         2796    i.HAL_CAN_RxFifo0FullCallback  stm32f4xx_hal_can.o
    0x080031e2   0x080031e2   0x00000002   PAD
    0x080031e4   0x080031e4   0x000001a4   Code   RO         6972    i.HAL_CAN_RxFifo0MsgPendingCallback  drv_can_receive.o
    0x08003388   0x08003388   0x00000002   Code   RO         2798    i.HAL_CAN_RxFifo1FullCallback  stm32f4xx_hal_can.o
    0x0800338a   0x0800338a   0x00000002   Code   RO         2799    i.HAL_CAN_RxFifo1MsgPendingCallback  stm32f4xx_hal_can.o
    0x0800338c   0x0800338c   0x00000002   Code   RO         2800    i.HAL_CAN_SleepCallback  stm32f4xx_hal_can.o
    0x0800338e   0x0800338e   0x0000005e   Code   RO         2801    i.HAL_CAN_Start     stm32f4xx_hal_can.o
    0x080033ec   0x080033ec   0x00000002   Code   RO         2803    i.HAL_CAN_TxMailbox0AbortCallback  stm32f4xx_hal_can.o
    0x080033ee   0x080033ee   0x00000002   Code   RO         2804    i.HAL_CAN_TxMailbox0CompleteCallback  stm32f4xx_hal_can.o
    0x080033f0   0x080033f0   0x00000002   Code   RO         2805    i.HAL_CAN_TxMailbox1AbortCallback  stm32f4xx_hal_can.o
    0x080033f2   0x080033f2   0x00000002   Code   RO         2806    i.HAL_CAN_TxMailbox1CompleteCallback  stm32f4xx_hal_can.o
    0x080033f4   0x080033f4   0x00000002   Code   RO         2807    i.HAL_CAN_TxMailbox2AbortCallback  stm32f4xx_hal_can.o
    0x080033f6   0x080033f6   0x00000002   Code   RO         2808    i.HAL_CAN_TxMailbox2CompleteCallback  stm32f4xx_hal_can.o
    0x080033f8   0x080033f8   0x00000002   Code   RO         2810    i.HAL_CAN_WakeUpFromRxMsgCallback  stm32f4xx_hal_can.o
    0x080033fa   0x080033fa   0x00000020   Code   RO         3013    i.HAL_CRC_Init      stm32f4xx_hal_crc.o
    0x0800341a   0x0800341a   0x00000002   PAD
    0x0800341c   0x0800341c   0x00000034   Code   RO          556    i.HAL_CRC_MspInit   crc.o
    0x08003450   0x08003450   0x000000ac   Code   RO         2082    i.HAL_DMA_Abort     stm32f4xx_hal_dma.o
    0x080034fc   0x080034fc   0x00000028   Code   RO         2083    i.HAL_DMA_Abort_IT  stm32f4xx_hal_dma.o
    0x08003524   0x08003524   0x00000240   Code   RO         2087    i.HAL_DMA_IRQHandler  stm32f4xx_hal_dma.o
    0x08003764   0x08003764   0x000000ec   Code   RO         2088    i.HAL_DMA_Init      stm32f4xx_hal_dma.o
    0x08003850   0x08003850   0x00000092   Code   RO         2092    i.HAL_DMA_Start_IT  stm32f4xx_hal_dma.o
    0x080038e2   0x080038e2   0x00000002   PAD
    0x080038e4   0x080038e4   0x00000028   Code   RO         2524    i.HAL_Delay         stm32f4xx_hal.o
    0x0800390c   0x0800390c   0x00000168   Code   RO         1972    i.HAL_GPIO_DeInit   stm32f4xx_hal_gpio.o
    0x08003a74   0x08003a74   0x00000090   Code   RO         8275    i.HAL_GPIO_EXTI_Callback  ins_task.o
    0x08003b04   0x08003b04   0x0000001c   Code   RO         1974    i.HAL_GPIO_EXTI_IRQHandler  stm32f4xx_hal_gpio.o
    0x08003b20   0x08003b20   0x000001f4   Code   RO         1975    i.HAL_GPIO_Init     stm32f4xx_hal_gpio.o
    0x08003d14   0x08003d14   0x0000000c   Code   RO         1979    i.HAL_GPIO_WritePin  stm32f4xx_hal_gpio.o
    0x08003d20   0x08003d20   0x0000000c   Code   RO         2530    i.HAL_GetTick       stm32f4xx_hal.o
    0x08003d2c   0x08003d2c   0x00000018   Code   RO         2536    i.HAL_IncTick       stm32f4xx_hal.o
    0x08003d44   0x08003d44   0x0000003c   Code   RO         2537    i.HAL_Init          stm32f4xx_hal.o
    0x08003d80   0x08003d80   0x0000004c   Code   RO         2538    i.HAL_InitTick      stm32f4xx_hal.o
    0x08003dcc   0x08003dcc   0x00000054   Code   RO          955    i.HAL_MspInit       stm32f4xx_hal_msp.o
    0x08003e20   0x08003e20   0x00000028   Code   RO         2367    i.HAL_NVIC_EnableIRQ  stm32f4xx_hal_cortex.o
    0x08003e48   0x08003e48   0x0000007c   Code   RO         2373    i.HAL_NVIC_SetPriority  stm32f4xx_hal_cortex.o
    0x08003ec4   0x08003ec4   0x00000028   Code   RO         2374    i.HAL_NVIC_SetPriorityGrouping  stm32f4xx_hal_cortex.o
    0x08003eec   0x08003eec   0x00000002   Code   RO         1223    i.HAL_PCDEx_LPM_Callback  stm32f4xx_hal_pcd_ex.o
    0x08003eee   0x08003eee   0x0000000a   Code   RO         1224    i.HAL_PCDEx_SetRxFiFo  stm32f4xx_hal_pcd_ex.o
    0x08003ef8   0x08003ef8   0x0000004e   Code   RO         1225    i.HAL_PCDEx_SetTxFiFo  stm32f4xx_hal_pcd_ex.o
    0x08003f46   0x08003f46   0x0000000e   Code   RO         8692    i.HAL_PCD_ConnectCallback  usbd_conf.o
    0x08003f54   0x08003f54   0x00000020   Code   RO         8693    i.HAL_PCD_DataInStageCallback  usbd_conf.o
    0x08003f74   0x08003f74   0x00000020   Code   RO         8694    i.HAL_PCD_DataOutStageCallback  usbd_conf.o
    0x08003f94   0x08003f94   0x0000000e   Code   RO         8695    i.HAL_PCD_DisconnectCallback  usbd_conf.o
    0x08003fa2   0x08003fa2   0x00000042   Code   RO          988    i.HAL_PCD_EP_Abort  stm32f4xx_hal_pcd.o
    0x08003fe4   0x08003fe4   0x0000006a   Code   RO          989    i.HAL_PCD_EP_Close  stm32f4xx_hal_pcd.o
    0x0800404e   0x0800404e   0x0000007c   Code   RO          990    i.HAL_PCD_EP_ClrStall  stm32f4xx_hal_pcd.o
    0x080040ca   0x080040ca   0x00000016   Code   RO          992    i.HAL_PCD_EP_GetRxCount  stm32f4xx_hal_pcd.o
    0x080040e0   0x080040e0   0x0000008e   Code   RO          993    i.HAL_PCD_EP_Open   stm32f4xx_hal_pcd.o
    0x0800416e   0x0800416e   0x00000046   Code   RO          994    i.HAL_PCD_EP_Receive  stm32f4xx_hal_pcd.o
    0x080041b4   0x080041b4   0x0000008a   Code   RO          995    i.HAL_PCD_EP_SetStall  stm32f4xx_hal_pcd.o
    0x0800423e   0x0800423e   0x00000048   Code   RO          996    i.HAL_PCD_EP_Transmit  stm32f4xx_hal_pcd.o
    0x08004286   0x08004286   0x000006ca   Code   RO          998    i.HAL_PCD_IRQHandler  stm32f4xx_hal_pcd.o
    0x08004950   0x08004950   0x00000012   Code   RO         8696    i.HAL_PCD_ISOINIncompleteCallback  usbd_conf.o
    0x08004962   0x08004962   0x00000012   Code   RO         8697    i.HAL_PCD_ISOOUTIncompleteCallback  usbd_conf.o
    0x08004974   0x08004974   0x0000015e   Code   RO         1001    i.HAL_PCD_Init      stm32f4xx_hal_pcd.o
    0x08004ad2   0x08004ad2   0x00000002   PAD
    0x08004ad4   0x08004ad4   0x000000c8   Code   RO         8699    i.HAL_PCD_MspInit   usbd_conf.o
    0x08004b9c   0x08004b9c   0x00000030   Code   RO         8700    i.HAL_PCD_ResetCallback  usbd_conf.o
    0x08004bcc   0x08004bcc   0x0000000e   Code   RO         8701    i.HAL_PCD_ResumeCallback  usbd_conf.o
    0x08004bda   0x08004bda   0x0000000e   Code   RO         8702    i.HAL_PCD_SOFCallback  usbd_conf.o
    0x08004be8   0x08004be8   0x00000034   Code   RO         1007    i.HAL_PCD_SetAddress  stm32f4xx_hal_pcd.o
    0x08004c1c   0x08004c1c   0x00000012   Code   RO         8703    i.HAL_PCD_SetupStageCallback  usbd_conf.o
    0x08004c2e   0x08004c2e   0x0000004c   Code   RO         1010    i.HAL_PCD_Start     stm32f4xx_hal_pcd.o
    0x08004c7a   0x08004c7a   0x00000002   PAD
    0x08004c7c   0x08004c7c   0x00000034   Code   RO         8704    i.HAL_PCD_SuspendCallback  usbd_conf.o
    0x08004cb0   0x08004cb0   0x00000184   Code   RO         1576    i.HAL_RCC_ClockConfig  stm32f4xx_hal_rcc.o
    0x08004e34   0x08004e34   0x0000000c   Code   RO         1581    i.HAL_RCC_GetHCLKFreq  stm32f4xx_hal_rcc.o
    0x08004e40   0x08004e40   0x00000020   Code   RO         1583    i.HAL_RCC_GetPCLK1Freq  stm32f4xx_hal_rcc.o
    0x08004e60   0x08004e60   0x00000020   Code   RO         1584    i.HAL_RCC_GetPCLK2Freq  stm32f4xx_hal_rcc.o
    0x08004e80   0x08004e80   0x000000b0   Code   RO         1585    i.HAL_RCC_GetSysClockFreq  stm32f4xx_hal_rcc.o
    0x08004f30   0x08004f30   0x0000049c   Code   RO         1588    i.HAL_RCC_OscConfig  stm32f4xx_hal_rcc.o
    0x080053cc   0x080053cc   0x00000034   Code   RO         3078    i.HAL_RNG_Init      stm32f4xx_hal_rng.o
    0x08005400   0x08005400   0x00000034   Code   RO          622    i.HAL_RNG_MspInit   rng.o
    0x08005434   0x08005434   0x000000c8   Code   RO         3182    i.HAL_SPI_Init      stm32f4xx_hal_spi.o
    0x080054fc   0x080054fc   0x00000158   Code   RO          664    i.HAL_SPI_MspInit   spi.o
    0x08005654   0x08005654   0x00000248   Code   RO         3191    i.HAL_SPI_TransmitReceive  stm32f4xx_hal_spi.o
    0x0800589c   0x0800589c   0x00000034   Code   RO         2378    i.HAL_SYSTICK_Config  stm32f4xx_hal_cortex.o
    0x080058d0   0x080058d0   0x00000066   Code   RO         3495    i.HAL_TIM_Base_Init  stm32f4xx_hal_tim.o
    0x08005936   0x08005936   0x00000002   PAD
    0x08005938   0x08005938   0x00000034   Code   RO          706    i.HAL_TIM_Base_MspInit  tim.o
    0x0800596c   0x0800596c   0x00000064   Code   RO          707    i.HAL_TIM_MspPostInit  tim.o
    0x080059d0   0x080059d0   0x00000104   Code   RO         3567    i.HAL_TIM_PWM_ConfigChannel  stm32f4xx_hal_tim.o
    0x08005ad4   0x08005ad4   0x00000066   Code   RO         3570    i.HAL_TIM_PWM_Init  stm32f4xx_hal_tim.o
    0x08005b3a   0x08005b3a   0x00000002   Code   RO         3572    i.HAL_TIM_PWM_MspInit  stm32f4xx_hal_tim.o
    0x08005b3c   0x08005b3c   0x0000010c   Code   RO         3575    i.HAL_TIM_PWM_Start  stm32f4xx_hal_tim.o
    0x08005c48   0x08005c48   0x00000070   Code   RO         4487    i.HAL_UARTEx_ReceiveToIdle_DMA  stm32f4xx_hal_uart.o
    0x08005cb8   0x08005cb8   0x00000002   Code   RO         4489    i.HAL_UARTEx_RxEventCallback  stm32f4xx_hal_uart.o
    0x08005cba   0x08005cba   0x00000002   Code   RO         4503    i.HAL_UART_ErrorCallback  stm32f4xx_hal_uart.o
    0x08005cbc   0x08005cbc   0x00000308   Code   RO         4506    i.HAL_UART_IRQHandler  stm32f4xx_hal_uart.o
    0x08005fc4   0x08005fc4   0x00000076   Code   RO         4507    i.HAL_UART_Init     stm32f4xx_hal_uart.o
    0x0800603a   0x0800603a   0x00000002   PAD
    0x0800603c   0x0800603c   0x00000348   Code   RO          755    i.HAL_UART_MspInit  usart.o
    0x08006384   0x08006384   0x0000002c   Code   RO         4511    i.HAL_UART_Receive_DMA  stm32f4xx_hal_uart.o
    0x080063b0   0x080063b0   0x00000002   Code   RO         4513    i.HAL_UART_RxCpltCallback  stm32f4xx_hal_uart.o
    0x080063b2   0x080063b2   0x00000002   Code   RO         4514    i.HAL_UART_RxHalfCpltCallback  stm32f4xx_hal_uart.o
    0x080063b4   0x080063b4   0x00000002   Code   RO         4518    i.HAL_UART_TxCpltCallback  stm32f4xx_hal_uart.o
    0x080063b6   0x080063b6   0x00000004   Code   RO          826    i.HardFault_Handler  stm32f4xx_it.o
    0x080063ba   0x080063ba   0x00000002   PAD
    0x080063bc   0x080063bc   0x000000d4   Code   RO         7270    i.HeatPredict_ComputeSafeFireRate  heat_control.o
    0x08006490   0x08006490   0x000000cc   Code   RO         7271    i.HeatPredict_Init  heat_control.o
    0x0800655c   0x0800655c   0x00000178   Code   RO         7272    i.HeatPredict_Update  heat_control.o
    0x080066d4   0x080066d4   0x00000068   Code   RO         6522    i.IMU_Calibrate     bmi088driver.o
    0x0800673c   0x0800673c   0x00000064   Code   RO         6523    i.IMU_Temperature_Control  bmi088driver.o
    0x080067a0   0x080067a0   0x00000200   Code   RO         8276    i.INS_TASK          ins_task.o
    0x080069a0   0x080069a0   0x0000003e   Code   RO         8537    i.IntToUnicode      usbd_desc.o
    0x080069de   0x080069de   0x00000002   PAD
    0x080069e0   0x080069e0   0x00000044   Code   RO          508    i.MX_CAN1_Init      can.o
    0x08006a24   0x08006a24   0x00000044   Code   RO          509    i.MX_CAN2_Init      can.o
    0x08006a68   0x08006a68   0x00000020   Code   RO          557    i.MX_CRC_Init       crc.o
    0x08006a88   0x08006a88   0x000000b8   Code   RO          597    i.MX_DMA_Init       dma.o
    0x08006b40   0x08006b40   0x000000ec   Code   RO          318    i.MX_FREERTOS_Init  freertos.o
    0x08006c2c   0x08006c2c   0x00000194   Code   RO          283    i.MX_GPIO_Init      gpio.o
    0x08006dc0   0x08006dc0   0x00000020   Code   RO          623    i.MX_RNG_Init       rng.o
    0x08006de0   0x08006de0   0x00000048   Code   RO          665    i.MX_SPI1_Init      spi.o
    0x08006e28   0x08006e28   0x0000006c   Code   RO          708    i.MX_TIM10_Init     tim.o
    0x08006e94   0x08006e94   0x00000038   Code   RO          756    i.MX_USART1_UART_Init  usart.o
    0x08006ecc   0x08006ecc   0x00000040   Code   RO          757    i.MX_USART3_UART_Init  usart.o
    0x08006f0c   0x08006f0c   0x00000038   Code   RO          758    i.MX_USART6_UART_Init  usart.o
    0x08006f44   0x08006f44   0x0000004c   Code   RO         8505    i.MX_USB_DEVICE_Init  usb_device.o
    0x08006f90   0x08006f90   0x00000044   Code   RO         6428    i.MahonyAHRSInit    mahonyahrs_dsp.o
    0x08006fd4   0x08006fd4   0x000002ec   Code   RO         6429    i.MahonyAHRSUpdateIMU  mahonyahrs_dsp.o
    0x080072c0   0x080072c0   0x0000005c   Code   RO         6430    i.MahonyAHRS_Reset  mahonyahrs_dsp.o
    0x0800731c   0x0800731c   0x00000004   Code   RO          827    i.MemManage_Handler  stm32f4xx_it.o
    0x08007320   0x08007320   0x00000004   Code   RO          828    i.NMI_Handler       stm32f4xx_it.o
    0x08007324   0x08007324   0x00000010   Code   RO          829    i.OTG_FS_IRQHandler  stm32f4xx_it.o
    0x08007334   0x08007334   0x00000064   Code   RO         1014    i.PCD_EP_OutSetupPacket_int  stm32f4xx_hal_pcd.o
    0x08007398   0x08007398   0x00000144   Code   RO         1015    i.PCD_EP_OutXfrComplete_int  stm32f4xx_hal_pcd.o
    0x080074dc   0x080074dc   0x000000b6   Code   RO         1016    i.PCD_WriteEmptyTxFifo  stm32f4xx_hal_pcd.o
    0x08007592   0x08007592   0x00000002   PAD
    0x08007594   0x08007594   0x00000190   Code   RO         7122    i.PID_Calculate     alg_pid.o
    0x08007724   0x08007724   0x00000030   Code   RO         7123    i.PID_Clear_Error   alg_pid.o
    0x08007754   0x08007754   0x00000040   Code   RO         7124    i.PID_Init          alg_pid.o
    0x08007794   0x08007794   0x0000001a   Code   RO         7125    i.PID_Math_Abs      alg_pid.o
    0x080077ae   0x080077ae   0x00000028   Code   RO         7126    i.PID_Math_Constrain  alg_pid.o
    0x080077d6   0x080077d6   0x0000000a   Code   RO         7127    i.PID_Set_Values    alg_pid.o
    0x080077e0   0x080077e0   0x00000094   Code   RO         8390    i.REFEREE_TASK      referee_task.o
    0x08007874   0x08007874   0x00000040   Code   RO         7315    i.Referee_Init      dvc_referee.o
    0x080078b4   0x080078b4   0x0000012e   Code   RO         7317    i.Referee_Solve_Single_Packet  dvc_referee.o
    0x080079e2   0x080079e2   0x00000088   Code   RO         7318    i.Referee_Unpack    dvc_referee.o
    0x08007a6a   0x08007a6a   0x00000002   PAD
    0x08007a6c   0x08007a6c   0x000002f4   Code   RO         8338    i.SHOOTER_TASK      shooter_task.o
    0x08007d60   0x08007d60   0x00000164   Code   RO         7205    i.SMC_Calculate     smc.o
    0x08007ec4   0x08007ec4   0x00000074   Code   RO         7207    i.SMC_ErrorUpdate   smc.o
    0x08007f38   0x08007f38   0x0000001a   Code   RO         7208    i.SMC_Init          smc.o
    0x08007f52   0x08007f52   0x00000002   PAD
    0x08007f54   0x08007f54   0x00000010   Code   RO         7209    i.SMC_IntegralClear  smc.o
    0x08007f64   0x08007f64   0x0000003e   Code   RO         7210    i.SMC_Sat           smc.o
    0x08007fa2   0x08007fa2   0x00000028   Code   RO         7211    i.SMC_SetParam_EISMC  smc.o
    0x08007fca   0x08007fca   0x00000024   Code   RO         7212    i.SMC_SetParam_Exponent  smc.o
    0x08007fee   0x08007fee   0x00000002   PAD
    0x08007ff0   0x08007ff0   0x00000030   Code   RO         7213    i.SMC_Signal        smc.o
    0x08008020   0x08008020   0x0000273c   Code   RO         7805    i.SPI1_DMA_enable   bsp_spi.o
    0x0800a75c   0x0800a75c   0x00000180   Code   RO         7806    i.SPI1_DMA_init     bsp_spi.o
    0x0800a8dc   0x0800a8dc   0x00000088   Code   RO         3220    i.SPI_EndRxTxTransaction  stm32f4xx_hal_spi.o
    0x0800a964   0x0800a964   0x000000d8   Code   RO         3225    i.SPI_WaitFlagStateUntilTimeout  stm32f4xx_hal_spi.o
    0x0800aa3c   0x0800aa3c   0x00000012   Code   RO         9061    i.SWAPBYTE          usbd_ctlreq.o
    0x0800aa4e   0x0800aa4e   0x00000014   Code   RO          830    i.SysTick_Handler   stm32f4xx_it.o
    0x0800aa62   0x0800aa62   0x00000002   PAD
    0x0800aa64   0x0800aa64   0x000000b4   Code   RO           14    i.SystemClock_Config  main.o
    0x0800ab18   0x0800ab18   0x00000014   Code   RO         4851    i.SystemInit        system_stm32f4xx.o
    0x0800ab2c   0x0800ab2c   0x000000e0   Code   RO         3588    i.TIM_Base_SetConfig  stm32f4xx_hal_tim.o
    0x0800ac0c   0x0800ac0c   0x00000022   Code   RO         3589    i.TIM_CCxChannelCmd  stm32f4xx_hal_tim.o
    0x0800ac2e   0x0800ac2e   0x00000002   PAD
    0x0800ac30   0x0800ac30   0x00000070   Code   RO         3601    i.TIM_OC1_SetConfig  stm32f4xx_hal_tim.o
    0x0800aca0   0x0800aca0   0x0000007c   Code   RO         3602    i.TIM_OC2_SetConfig  stm32f4xx_hal_tim.o
    0x0800ad1c   0x0800ad1c   0x00000078   Code   RO         3603    i.TIM_OC3_SetConfig  stm32f4xx_hal_tim.o
    0x0800ad94   0x0800ad94   0x00000054   Code   RO         3604    i.TIM_OC4_SetConfig  stm32f4xx_hal_tim.o
    0x0800ade8   0x0800ade8   0x00000012   Code   RO         4520    i.UART_DMAAbortOnError  stm32f4xx_hal_uart.o
    0x0800adfa   0x0800adfa   0x00000050   Code   RO         4521    i.UART_DMAError     stm32f4xx_hal_uart.o
    0x0800ae4a   0x0800ae4a   0x000000b4   Code   RO         4522    i.UART_DMAReceiveCplt  stm32f4xx_hal_uart.o
    0x0800aefe   0x0800aefe   0x00000024   Code   RO         4524    i.UART_DMARxHalfCplt  stm32f4xx_hal_uart.o
    0x0800af22   0x0800af22   0x0000006c   Code   RO         4530    i.UART_EndRxTransfer  stm32f4xx_hal_uart.o
    0x0800af8e   0x0800af8e   0x00000020   Code   RO         4531    i.UART_EndTransmit_IT  stm32f4xx_hal_uart.o
    0x0800afae   0x0800afae   0x00000026   Code   RO         4532    i.UART_EndTxTransfer  stm32f4xx_hal_uart.o
    0x0800afd4   0x0800afd4   0x000000fc   Code   RO         4533    i.UART_Receive_IT   stm32f4xx_hal_uart.o
    0x0800b0d0   0x0800b0d0   0x0000022c   Code   RO         4534    i.UART_SetConfig    stm32f4xx_hal_uart.o
    0x0800b2fc   0x0800b2fc   0x000000d8   Code   RO         4535    i.UART_Start_Receive_DMA  stm32f4xx_hal_uart.o
    0x0800b3d4   0x0800b3d4   0x00000060   Code   RO         4537    i.UART_Transmit_IT  stm32f4xx_hal_uart.o
    0x0800b434   0x0800b434   0x00000060   Code   RO         8142    i.USART1_IRQHandler  control_task.o
    0x0800b494   0x0800b494   0x00000010   Code   RO          831    i.USART3_IRQHandler  stm32f4xx_it.o
    0x0800b4a4   0x0800b4a4   0x000000a0   Code   RO         8391    i.USART6_IRQHandler  referee_task.o
    0x0800b544   0x0800b544   0x000000be   Code   RO         9224    i.USBD_CDC_DataIn   usbd_cdc.o
    0x0800b602   0x0800b602   0x00000048   Code   RO         9225    i.USBD_CDC_DataOut  usbd_cdc.o
    0x0800b64a   0x0800b64a   0x00000002   PAD
    0x0800b64c   0x0800b64c   0x000000d4   Code   RO         9226    i.USBD_CDC_DeInit   usbd_cdc.o
    0x0800b720   0x0800b720   0x00000050   Code   RO         9227    i.USBD_CDC_EP0_RxReady  usbd_cdc.o
    0x0800b770   0x0800b770   0x00000010   Code   RO         9228    i.USBD_CDC_GetDeviceQualifierDescriptor  usbd_cdc.o
    0x0800b780   0x0800b780   0x00000044   Code   RO         9229    i.USBD_CDC_GetFSCfgDesc  usbd_cdc.o
    0x0800b7c4   0x0800b7c4   0x00000048   Code   RO         9230    i.USBD_CDC_GetHSCfgDesc  usbd_cdc.o
    0x0800b80c   0x0800b80c   0x00000044   Code   RO         9231    i.USBD_CDC_GetOtherSpeedCfgDesc  usbd_cdc.o
    0x0800b850   0x0800b850   0x000001a0   Code   RO         9232    i.USBD_CDC_Init     usbd_cdc.o
    0x0800b9f0   0x0800b9f0   0x00000050   Code   RO         9233    i.USBD_CDC_ReceivePacket  usbd_cdc.o
    0x0800ba40   0x0800ba40   0x00000018   Code   RO         9234    i.USBD_CDC_RegisterInterface  usbd_cdc.o
    0x0800ba58   0x0800ba58   0x0000001e   Code   RO         9235    i.USBD_CDC_SetRxBuffer  usbd_cdc.o
    0x0800ba76   0x0800ba76   0x00000024   Code   RO         9236    i.USBD_CDC_SetTxBuffer  usbd_cdc.o
    0x0800ba9a   0x0800ba9a   0x00000140   Code   RO         9237    i.USBD_CDC_Setup    usbd_cdc.o
    0x0800bbda   0x0800bbda   0x0000001c   Code   RO         8899    i.USBD_ClrClassConfig  usbd_core.o
    0x0800bbf6   0x0800bbf6   0x0000003e   Code   RO         9062    i.USBD_ClrFeature   usbd_ctlreq.o
    0x0800bc34   0x0800bc34   0x00000006   Code   RO         8900    i.USBD_CoreFindEP   usbd_core.o
    0x0800bc3a   0x0800bc3a   0x00000006   Code   RO         8901    i.USBD_CoreFindIF   usbd_core.o
    0x0800bc40   0x0800bc40   0x00000018   Code   RO         9164    i.USBD_CtlContinueRx  usbd_ioreq.o
    0x0800bc58   0x0800bc58   0x00000018   Code   RO         9165    i.USBD_CtlContinueSendData  usbd_ioreq.o
    0x0800bc70   0x0800bc70   0x00000018   Code   RO         9063    i.USBD_CtlError     usbd_ctlreq.o
    0x0800bc88   0x0800bc88   0x0000002e   Code   RO         9166    i.USBD_CtlPrepareRx  usbd_ioreq.o
    0x0800bcb6   0x0800bcb6   0x0000001a   Code   RO         9167    i.USBD_CtlReceiveStatus  usbd_ioreq.o
    0x0800bcd0   0x0800bcd0   0x00000024   Code   RO         9168    i.USBD_CtlSendData  usbd_ioreq.o
    0x0800bcf4   0x0800bcf4   0x0000001a   Code   RO         9169    i.USBD_CtlSendStatus  usbd_ioreq.o
    0x0800bd0e   0x0800bd0e   0x00000002   PAD
    0x0800bd10   0x0800bd10   0x00000034   Code   RO         8538    i.USBD_FS_ConfigStrDescriptor  usbd_desc.o
    0x0800bd44   0x0800bd44   0x00000010   Code   RO         8539    i.USBD_FS_DeviceDescriptor  usbd_desc.o
    0x0800bd54   0x0800bd54   0x00000038   Code   RO         8540    i.USBD_FS_InterfaceStrDescriptor  usbd_desc.o
    0x0800bd8c   0x0800bd8c   0x00000010   Code   RO         8541    i.USBD_FS_LangIDStrDescriptor  usbd_desc.o
    0x0800bd9c   0x0800bd9c   0x0000002c   Code   RO         8542    i.USBD_FS_ManufacturerStrDescriptor  usbd_desc.o
    0x0800bdc8   0x0800bdc8   0x00000040   Code   RO         8543    i.USBD_FS_ProductStrDescriptor  usbd_desc.o
    0x0800be08   0x0800be08   0x00000018   Code   RO         8544    i.USBD_FS_SerialStrDescriptor  usbd_desc.o
    0x0800be20   0x0800be20   0x00000056   Code   RO         9064    i.USBD_GetConfig    usbd_ctlreq.o
    0x0800be76   0x0800be76   0x000001fc   Code   RO         9065    i.USBD_GetDescriptor  usbd_ctlreq.o
    0x0800c072   0x0800c072   0x00000050   Code   RO         8903    i.USBD_GetEpDesc    usbd_core.o
    0x0800c0c2   0x0800c0c2   0x00000016   Code   RO         9066    i.USBD_GetLen       usbd_ctlreq.o
    0x0800c0d8   0x0800c0d8   0x00000014   Code   RO         8904    i.USBD_GetNextDesc  usbd_core.o
    0x0800c0ec   0x0800c0ec   0x0000005a   Code   RO         9067    i.USBD_GetStatus    usbd_ctlreq.o
    0x0800c146   0x0800c146   0x00000068   Code   RO         9068    i.USBD_GetString    usbd_ctlreq.o
    0x0800c1ae   0x0800c1ae   0x0000002c   Code   RO         8705    i.USBD_Get_USB_Status  usbd_conf.o
    0x0800c1da   0x0800c1da   0x0000003a   Code   RO         8905    i.USBD_Init         usbd_core.o
    0x0800c214   0x0800c214   0x00000026   Code   RO         8706    i.USBD_LL_ClearStallEP  usbd_conf.o
    0x0800c23a   0x0800c23a   0x00000026   Code   RO         8707    i.USBD_LL_CloseEP   usbd_conf.o
    0x0800c260   0x0800c260   0x00000110   Code   RO         8906    i.USBD_LL_DataInStage  usbd_core.o
    0x0800c370   0x0800c370   0x0000010a   Code   RO         8907    i.USBD_LL_DataOutStage  usbd_core.o
    0x0800c47a   0x0800c47a   0x00000006   Code   RO         8908    i.USBD_LL_DevConnected  usbd_core.o
    0x0800c480   0x0800c480   0x00000026   Code   RO         8909    i.USBD_LL_DevDisconnected  usbd_core.o
    0x0800c4a6   0x0800c4a6   0x00000012   Code   RO         8711    i.USBD_LL_GetRxDataSize  usbd_conf.o
    0x0800c4b8   0x0800c4b8   0x00000068   Code   RO         8712    i.USBD_LL_Init      usbd_conf.o
    0x0800c520   0x0800c520   0x00000038   Code   RO         8713    i.USBD_LL_IsStallEP  usbd_conf.o
    0x0800c558   0x0800c558   0x00000048   Code   RO         8910    i.USBD_LL_IsoINIncomplete  usbd_core.o
    0x0800c5a0   0x0800c5a0   0x00000048   Code   RO         8911    i.USBD_LL_IsoOUTIncomplete  usbd_core.o
    0x0800c5e8   0x0800c5e8   0x00000030   Code   RO         8714    i.USBD_LL_OpenEP    usbd_conf.o
    0x0800c618   0x0800c618   0x00000030   Code   RO         8715    i.USBD_LL_PrepareReceive  usbd_conf.o
    0x0800c648   0x0800c648   0x0000006e   Code   RO         8912    i.USBD_LL_Reset     usbd_core.o
    0x0800c6b6   0x0800c6b6   0x00000016   Code   RO         8913    i.USBD_LL_Resume    usbd_core.o
    0x0800c6cc   0x0800c6cc   0x00000028   Code   RO         8914    i.USBD_LL_SOF       usbd_core.o
    0x0800c6f4   0x0800c6f4   0x00000008   Code   RO         8915    i.USBD_LL_SetSpeed  usbd_core.o
    0x0800c6fc   0x0800c6fc   0x00000026   Code   RO         8716    i.USBD_LL_SetUSBAddress  usbd_conf.o
    0x0800c722   0x0800c722   0x00000076   Code   RO         8916    i.USBD_LL_SetupStage  usbd_core.o
    0x0800c798   0x0800c798   0x00000026   Code   RO         8717    i.USBD_LL_StallEP   usbd_conf.o
    0x0800c7be   0x0800c7be   0x0000001e   Code   RO         8718    i.USBD_LL_Start     usbd_conf.o
    0x0800c7dc   0x0800c7dc   0x0000001c   Code   RO         8917    i.USBD_LL_Suspend   usbd_core.o
    0x0800c7f8   0x0800c7f8   0x00000030   Code   RO         8720    i.USBD_LL_Transmit  usbd_conf.o
    0x0800c828   0x0800c828   0x00000036   Code   RO         9069    i.USBD_ParseSetupRequest  usbd_ctlreq.o
    0x0800c85e   0x0800c85e   0x00000048   Code   RO         8918    i.USBD_RegisterClass  usbd_core.o
    0x0800c8a6   0x0800c8a6   0x00000006   Code   RO         8919    i.USBD_RunTestMode  usbd_core.o
    0x0800c8ac   0x0800c8ac   0x0000005a   Code   RO         9070    i.USBD_SetAddress   usbd_ctlreq.o
    0x0800c906   0x0800c906   0x00000020   Code   RO         8920    i.USBD_SetClassConfig  usbd_core.o
    0x0800c926   0x0800c926   0x00000002   PAD
    0x0800c928   0x0800c928   0x00000104   Code   RO         9071    i.USBD_SetConfig    usbd_ctlreq.o
    0x0800ca2c   0x0800ca2c   0x00000038   Code   RO         9072    i.USBD_SetFeature   usbd_ctlreq.o
    0x0800ca64   0x0800ca64   0x0000000c   Code   RO         8921    i.USBD_Start        usbd_core.o
    0x0800ca70   0x0800ca70   0x000000ae   Code   RO         9073    i.USBD_StdDevReq    usbd_ctlreq.o
    0x0800cb1e   0x0800cb1e   0x00000284   Code   RO         9074    i.USBD_StdEPReq     usbd_ctlreq.o
    0x0800cda2   0x0800cda2   0x000000ae   Code   RO         9075    i.USBD_StdItfReq    usbd_ctlreq.o
    0x0800ce50   0x0800ce50   0x00000002   Code   RO         8721    i.USBD_static_free  usbd_conf.o
    0x0800ce52   0x0800ce52   0x00000002   PAD
    0x0800ce54   0x0800ce54   0x0000000c   Code   RO         8722    i.USBD_static_malloc  usbd_conf.o
    0x0800ce60   0x0800ce60   0x00000058   Code   RO         8481    i.USBRECEIVE_TASK   usbreceive_task.o
    0x0800ceb8   0x0800ceb8   0x000000d0   Code   RO         1265    i.USB_ActivateEndpoint  stm32f4xx_ll_usb.o
    0x0800cf88   0x0800cf88   0x00000028   Code   RO         1267    i.USB_ActivateSetup  stm32f4xx_ll_usb.o
    0x0800cfb0   0x0800cfb0   0x0000008c   Code   RO         1269    i.USB_CoreInit      stm32f4xx_ll_usb.o
    0x0800d03c   0x0800d03c   0x00000062   Code   RO         1270    i.USB_CoreReset     stm32f4xx_ll_usb.o
    0x0800d09e   0x0800d09e   0x00000002   PAD
    0x0800d0a0   0x0800d0a0   0x0000014c   Code   RO         1273    i.USB_DeactivateEndpoint  stm32f4xx_ll_usb.o
    0x0800d1ec   0x0800d1ec   0x00000024   Code   RO         1274    i.USB_DevConnect    stm32f4xx_ll_usb.o
    0x0800d210   0x0800d210   0x00000024   Code   RO         1275    i.USB_DevDisconnect  stm32f4xx_ll_usb.o
    0x0800d234   0x0800d234   0x000001e8   Code   RO         1276    i.USB_DevInit       stm32f4xx_ll_usb.o
    0x0800d41c   0x0800d41c   0x0000000e   Code   RO         1277    i.USB_DisableGlobalInt  stm32f4xx_ll_usb.o
    0x0800d42a   0x0800d42a   0x00000002   PAD
    0x0800d42c   0x0800d42c   0x00000070   Code   RO         1280    i.USB_EP0_OutStart  stm32f4xx_ll_usb.o
    0x0800d49c   0x0800d49c   0x0000008e   Code   RO         1281    i.USB_EPClearStall  stm32f4xx_ll_usb.o
    0x0800d52a   0x0800d52a   0x0000009a   Code   RO         1282    i.USB_EPSetStall    stm32f4xx_ll_usb.o
    0x0800d5c4   0x0800d5c4   0x000003c0   Code   RO         1283    i.USB_EPStartXfer   stm32f4xx_ll_usb.o
    0x0800d984   0x0800d984   0x000000ec   Code   RO         1284    i.USB_EPStopXfer    stm32f4xx_ll_usb.o
    0x0800da70   0x0800da70   0x0000000e   Code   RO         1285    i.USB_EnableGlobalInt  stm32f4xx_ll_usb.o
    0x0800da7e   0x0800da7e   0x00000050   Code   RO         1286    i.USB_FlushRxFifo   stm32f4xx_ll_usb.o
    0x0800dace   0x0800dace   0x00000054   Code   RO         1287    i.USB_FlushTxFifo   stm32f4xx_ll_usb.o
    0x0800db22   0x0800db22   0x00000002   PAD
    0x0800db24   0x0800db24   0x0000006c   Code   RO          284    i.USB_GPIO_CONSTRAINT_RESTART  gpio.o
    0x0800db90   0x0800db90   0x00000026   Code   RO         1289    i.USB_GetDevSpeed   stm32f4xx_ll_usb.o
    0x0800dbb6   0x0800dbb6   0x0000000a   Code   RO         1291    i.USB_GetMode       stm32f4xx_ll_usb.o
    0x0800dbc0   0x0800dbc0   0x00000014   Code   RO         1299    i.USB_ReadDevAllInEpInterrupt  stm32f4xx_ll_usb.o
    0x0800dbd4   0x0800dbd4   0x00000014   Code   RO         1300    i.USB_ReadDevAllOutEpInterrupt  stm32f4xx_ll_usb.o
    0x0800dbe8   0x0800dbe8   0x00000032   Code   RO         1301    i.USB_ReadDevInEPInterrupt  stm32f4xx_ll_usb.o
    0x0800dc1a   0x0800dc1a   0x0000001a   Code   RO         1302    i.USB_ReadDevOutEPInterrupt  stm32f4xx_ll_usb.o
    0x0800dc34   0x0800dc34   0x0000000a   Code   RO         1303    i.USB_ReadInterrupts  stm32f4xx_ll_usb.o
    0x0800dc3e   0x0800dc3e   0x00000060   Code   RO         1304    i.USB_ReadPacket    stm32f4xx_ll_usb.o
    0x0800dc9e   0x0800dc9e   0x00000068   Code   RO         1306    i.USB_SetCurrentMode  stm32f4xx_ll_usb.o
    0x0800dd06   0x0800dd06   0x0000002a   Code   RO         1307    i.USB_SetDevAddress  stm32f4xx_ll_usb.o
    0x0800dd30   0x0800dd30   0x00000012   Code   RO         1308    i.USB_SetDevSpeed   stm32f4xx_ll_usb.o
    0x0800dd42   0x0800dd42   0x00000002   PAD
    0x0800dd44   0x0800dd44   0x000000e8   Code   RO         1309    i.USB_SetTurnaroundTime  stm32f4xx_ll_usb.o
    0x0800de2c   0x0800de2c   0x00000044   Code   RO         1312    i.USB_WritePacket   stm32f4xx_ll_usb.o
    0x0800de70   0x0800de70   0x00000004   Code   RO          832    i.UsageFault_Handler  stm32f4xx_it.o
    0x0800de74   0x0800de74   0x0000014e   Code   RO         8143    i.VTM_Data_Parsing  control_task.o
    0x0800dfc2   0x0800dfc2   0x00000002   PAD
    0x0800dfc4   0x0800dfc4   0x00000028   Code   RO         8144    i.VTM_UART_Init     control_task.o
    0x0800dfec   0x0800dfec   0x00000034   Code   RO         7319    i.Verify_CRC_16     dvc_referee.o
    0x0800e020   0x0800e020   0x00000028   Code   RO         7320    i.Verify_CRC_8      dvc_referee.o
    0x0800e048   0x0800e048   0x0000014c   Code   RO         7066    i.XYZ_Kalman_Calculate  alg_filter.o
    0x0800e194   0x0800e194   0x000000a8   Code   RO         7067    i.XYZ_Kalman_Init   alg_filter.o
    0x0800e23c   0x0800e23c   0x00000026   Code   RO         9596    i.__ARM_fpclassifyf  m_wm.l(fpclassifyf.o)
    0x0800e262   0x0800e262   0x00000002   PAD
    0x0800e264   0x0800e264   0x00000010   Code   RO         2380    i.__NVIC_GetPriorityGrouping  stm32f4xx_hal_cortex.o
    0x0800e274   0x0800e274   0x00000028   Code   RO         2381    i.__NVIC_SetPriority  stm32f4xx_hal_cortex.o
    0x0800e29c   0x0800e29c   0x0000012c   Code   RO         9522    i.__hardfp_asinf    m_wm.l(asinf.o)
    0x0800e3c8   0x0800e3c8   0x000002ac   Code   RO         9534    i.__hardfp_atan2f   m_wm.l(atan2f.o)
    0x0800e674   0x0800e674   0x0000003a   Code   RO         9570    i.__hardfp_sqrtf    m_wm.l(sqrtf.o)
    0x0800e6ae   0x0800e6ae   0x00000006   Code   RO         9599    i.__mathlib_flt_infnan  m_wm.l(funder.o)
    0x0800e6b4   0x0800e6b4   0x00000006   Code   RO         9600    i.__mathlib_flt_infnan2  m_wm.l(funder.o)
    0x0800e6ba   0x0800e6ba   0x00000002   PAD
    0x0800e6bc   0x0800e6bc   0x00000010   Code   RO         9601    i.__mathlib_flt_invalid  m_wm.l(funder.o)
    0x0800e6cc   0x0800e6cc   0x00000010   Code   RO         9604    i.__mathlib_flt_underflow  m_wm.l(funder.o)
    0x0800e6dc   0x0800e6dc   0x00000128   Code   RO         6524    i.bmi088_accel_init  bmi088driver.o
    0x0800e804   0x0800e804   0x000000f4   Code   RO         6525    i.bmi088_gyro_init  bmi088driver.o
    0x0800e8f8   0x0800e8f8   0x0000005c   Code   RO         7529    i.can_filter_init   bsp_can.o
    0x0800e954   0x0800e954   0x000000f8   Code   RO         8032    i.chassis_wheel_inverse_resolution  chassis_task.o
    0x0800ea4c   0x0800ea4c   0x00000018   Code   RO         6973    i.get_chassis_motor_measure_point  drv_can_receive.o
    0x0800ea64   0x0800ea64   0x00000034   Code   RO         8145    i.get_crc16_check_sum  control_task.o
    0x0800ea98   0x0800ea98   0x00000018   Code   RO         6974    i.get_friction_motor_measure_point  drv_can_receive.o
    0x0800eab0   0x0800eab0   0x00000008   Code   RO         6976    i.get_trigger_motor_measure_point  drv_can_receive.o
    0x0800eab8   0x0800eab8   0x00000008   Code   RO         6977    i.get_yaw_gimbal_motor_measure_point  drv_can_receive.o
    0x0800eac0   0x0800eac0   0x00000060   Code   RO         8033    i.gimbal_coordinate_resolution  chassis_task.o
    0x0800eb20   0x0800eb20   0x000001a8   Code   RO         8277    i.imu_cmd_spi_dma   ins_task.o
    0x0800ecc8   0x0800ecc8   0x00000068   Code   RO         8278    i.imu_temp_control  ins_task.o
    0x0800ed30   0x0800ed30   0x00000010   Code   RO         5911    i.inHandlerMode     cmsis_os.o
    0x0800ed40   0x0800ed40   0x0000006c   Code   RO         8034    i.km_control        chassis_task.o
    0x0800edac   0x0800edac   0x000000a4   Code   RO         8208    i.km_control        gimbal_task.o
    0x0800ee50   0x0800ee50   0x00000014   Code   RO         8339    i.km_control        shooter_task.o
    0x0800ee64   0x0800ee64   0x000000b4   Code   RO           15    i.main              main.o
    0x0800ef18   0x0800ef18   0x0000000e   Code   RO         5913    i.makeFreeRtosPriority  cmsis_os.o
    0x0800ef26   0x0800ef26   0x00000002   PAD
    0x0800ef28   0x0800ef28   0x00000074   Code   RO         6432    i.normalize         mahonyahrs_dsp.o
    0x0800ef9c   0x0800ef9c   0x00000018   Code   RO         5915    i.osDelay           cmsis_os.o
    0x0800efb4   0x0800efb4   0x0000001c   Code   RO         5916    i.osDelayUntil      cmsis_os.o
    0x0800efd0   0x0800efd0   0x0000000a   Code   RO         5918    i.osKernelStart     cmsis_os.o
    0x0800efda   0x0800efda   0x00000014   Code   RO         5919    i.osKernelSysTick   cmsis_os.o
    0x0800efee   0x0800efee   0x0000005e   Code   RO         5952    i.osThreadCreate    cmsis_os.o
    0x0800f04c   0x0800f04c   0x00000018   Code   RO         8035    i.output_map        chassis_task.o
    0x0800f064   0x0800f064   0x00000018   Code   RO         8340    i.output_map        shooter_task.o
    0x0800f07c   0x0800f07c   0x00000030   Code   RO         5380    i.pcTaskGetName     tasks.o
    0x0800f0ac   0x0800f0ac   0x00000044   Code   RO         8209    i.pitch_constraint  gimbal_task.o
    0x0800f0f0   0x0800f0f0   0x000000a4   Code   RO         5381    i.prvAddCurrentTaskToDelayedList  tasks.o
    0x0800f194   0x0800f194   0x000000b4   Code   RO         5382    i.prvAddNewTaskToReadyList  tasks.o
    0x0800f248   0x0800f248   0x00000074   Code   RO         5745    i.prvCheckForValidListAndQueue  timers.o
    0x0800f2bc   0x0800f2bc   0x00000048   Code   RO         5383    i.prvCheckTasksWaitingTermination  tasks.o
    0x0800f304   0x0800f304   0x0000002a   Code   RO         5028    i.prvCopyDataFromQueue  queue.o
    0x0800f32e   0x0800f32e   0x0000007e   Code   RO         5029    i.prvCopyDataToQueue  queue.o
    0x0800f3ac   0x0800f3ac   0x00000050   Code   RO         5384    i.prvDeleteTCB      tasks.o
    0x0800f3fc   0x0800f3fc   0x00000028   Code   RO         5746    i.prvGetNextExpireTime  timers.o
    0x0800f424   0x0800f424   0x0000007c   Code   RO         6292    i.prvHeapInit       heap_4.o
    0x0800f4a0   0x0800f4a0   0x00000028   Code   RO         5385    i.prvIdleTask       tasks.o
    0x0800f4c8   0x0800f4c8   0x00000026   Code   RO         5032    i.prvInitialiseNewQueue  queue.o
    0x0800f4ee   0x0800f4ee   0x000000c2   Code   RO         5386    i.prvInitialiseNewTask  tasks.o
    0x0800f5b0   0x0800f5b0   0x00000068   Code   RO         5387    i.prvInitialiseTaskLists  tasks.o
    0x0800f618   0x0800f618   0x00000068   Code   RO         6293    i.prvInsertBlockIntoFreeList  heap_4.o
    0x0800f680   0x0800f680   0x00000058   Code   RO         5748    i.prvInsertTimerInActiveList  timers.o
    0x0800f6d8   0x0800f6d8   0x0000001a   Code   RO         5033    i.prvIsQueueEmpty   queue.o
    0x0800f6f2   0x0800f6f2   0x0000001e   Code   RO         5034    i.prvIsQueueFull    queue.o
    0x0800f710   0x0800f710   0x00000074   Code   RO         5749    i.prvProcessExpiredTimer  timers.o
    0x0800f784   0x0800f784   0x00000164   Code   RO         5750    i.prvProcessReceivedCommands  timers.o
    0x0800f8e8   0x0800f8e8   0x00000074   Code   RO         5751    i.prvProcessTimerOrBlockTask  timers.o
    0x0800f95c   0x0800f95c   0x00000034   Code   RO         5388    i.prvResetNextTaskUnblockTime  tasks.o
    0x0800f990   0x0800f990   0x0000002c   Code   RO         5752    i.prvSampleTimeNow  timers.o
    0x0800f9bc   0x0800f9bc   0x000000b0   Code   RO         5389    i.prvSearchForNameWithinSingleList  tasks.o
    0x0800fa6c   0x0800fa6c   0x000000a4   Code   RO         5753    i.prvSwitchTimerLists  timers.o
    0x0800fb10   0x0800fb10   0x00000040   Code   RO         6348    i.prvTaskExitError  port.o
    0x0800fb50   0x0800fb50   0x0000001a   Code   RO         5754    i.prvTimerTask      timers.o
    0x0800fb6a   0x0800fb6a   0x0000007e   Code   RO         5035    i.prvUnlockQueue    queue.o
    0x0800fbe8   0x0800fbe8   0x0000014c   Code   RO         6294    i.pvPortMalloc      heap_4.o
    0x0800fd34   0x0800fd34   0x0000002c   Code   RO         6349    i.pxPortInitialiseStack  port.o
    0x0800fd60   0x0800fd60   0x0000007c   Code   RO         8036    i.rc_control        chassis_task.o
    0x0800fddc   0x0800fddc   0x0000005c   Code   RO         8210    i.rc_control        gimbal_task.o
    0x0800fe38   0x0800fe38   0x00000008   Code   RO         8341    i.rc_control        shooter_task.o
    0x0800fe40   0x0800fe40   0x0000003e   Code   RO         9572    i.sqrtf             m_wm.l(sqrtf.o)
    0x0800fe7e   0x0800fe7e   0x00000002   PAD
    0x0800fe80   0x0800fe80   0x00000030   Code   RO         8037    i.theta_calculate   chassis_task.o
    0x0800feb0   0x0800feb0   0x00000074   Code   RO         5393    i.ulTaskNotifyTake  tasks.o
    0x0800ff24   0x0800ff24   0x00000040   Code   RO         6801    i.usbreceive        motion.o
    0x0800ff64   0x0800ff64   0x00000028   Code   RO         4988    i.uxListRemove      list.o
    0x0800ff8c   0x0800ff8c   0x00000018   Code   RO          322    i.vApplicationGetIdleTaskMemory  freertos.o
    0x0800ffa4   0x0800ffa4   0x00000018   Code   RO          323    i.vApplicationGetTimerTaskMemory  freertos.o
    0x0800ffbc   0x0800ffbc   0x0000001a   Code   RO         4989    i.vListInitialise   list.o
    0x0800ffd6   0x0800ffd6   0x00000006   Code   RO         4990    i.vListInitialiseItem  list.o
    0x0800ffdc   0x0800ffdc   0x00000034   Code   RO         4991    i.vListInsert       list.o
    0x08010010   0x08010010   0x00000018   Code   RO         4992    i.vListInsertEnd    list.o
    0x08010028   0x08010028   0x00000054   Code   RO         6351    i.vPortEnterCritical  port.o
    0x0801007c   0x0801007c   0x0000003c   Code   RO         6352    i.vPortExitCritical  port.o
    0x080100b8   0x080100b8   0x000000a4   Code   RO         6295    i.vPortFree         heap_4.o
    0x0801015c   0x0801015c   0x00000028   Code   RO         6353    i.vPortSetupTimerInterrupt  port.o
    0x08010184   0x08010184   0x00000078   Code   RO         6354    i.vPortValidateInterruptPriority  port.o
    0x080101fc   0x080101fc   0x0000002c   Code   RO         5039    i.vQueueAddToRegistry  queue.o
    0x08010228   0x08010228   0x0000004a   Code   RO         5042    i.vQueueWaitForMessageRestricted  queue.o
    0x08010272   0x08010272   0x00000002   PAD
    0x08010274   0x08010274   0x0000005c   Code   RO         5400    i.vTaskDelay        tasks.o
    0x080102d0   0x080102d0   0x000000d4   Code   RO         5401    i.vTaskDelayUntil   tasks.o
    0x080103a4   0x080103a4   0x00000018   Code   RO         5404    i.vTaskInternalSetTimeOutState  tasks.o
    0x080103bc   0x080103bc   0x0000000c   Code   RO         5405    i.vTaskMissedYield  tasks.o
    0x080103c8   0x080103c8   0x000000f0   Code   RO         5406    i.vTaskNotifyGiveFromISR  tasks.o
    0x080104b8   0x080104b8   0x00000038   Code   RO         5407    i.vTaskPlaceOnEventList  tasks.o
    0x080104f0   0x080104f0   0x00000040   Code   RO         5408    i.vTaskPlaceOnEventListRestricted  tasks.o
    0x08010530   0x08010530   0x000000b8   Code   RO         5415    i.vTaskStartScheduler  tasks.o
    0x080105e8   0x080105e8   0x00000010   Code   RO         5417    i.vTaskSuspendAll   tasks.o
    0x080105f8   0x080105f8   0x0000008c   Code   RO         5418    i.vTaskSwitchContext  tasks.o
    0x08010684   0x08010684   0x00000044   Code   RO         8146    i.verify_crc16_check_sum  control_task.o
    0x080106c8   0x080106c8   0x00000168   Code   RO         6355    i.xPortStartScheduler  port.o
    0x08010830   0x08010830   0x00000034   Code   RO         6356    i.xPortSysTickHandler  port.o
    0x08010864   0x08010864   0x000000e0   Code   RO         5046    i.xQueueGenericCreateStatic  queue.o
    0x08010944   0x08010944   0x00000098   Code   RO         5047    i.xQueueGenericReset  queue.o
    0x080109dc   0x080109dc   0x000001a8   Code   RO         5048    i.xQueueGenericSend  queue.o
    0x08010b84   0x08010b84   0x000000fc   Code   RO         5049    i.xQueueGenericSendFromISR  queue.o
    0x08010c80   0x08010c80   0x00000168   Code   RO         5057    i.xQueueReceive     queue.o
    0x08010de8   0x08010de8   0x000000a8   Code   RO         5421    i.xTaskCheckForTimeOut  tasks.o
    0x08010e90   0x08010e90   0x00000064   Code   RO         5422    i.xTaskCreate       tasks.o
    0x08010ef4   0x08010ef4   0x000000ba   Code   RO         5423    i.xTaskCreateStatic  tasks.o
    0x08010fae   0x08010fae   0x00000002   PAD
    0x08010fb0   0x08010fb0   0x00000128   Code   RO         5424    i.xTaskGenericNotify  tasks.o
    0x080110d8   0x080110d8   0x000000a4   Code   RO         5427    i.xTaskGetHandle    tasks.o
    0x0801117c   0x0801117c   0x00000020   Code   RO         5428    i.xTaskGetSchedulerState  tasks.o
    0x0801119c   0x0801119c   0x0000000c   Code   RO         5429    i.xTaskGetTickCount  tasks.o
    0x080111a8   0x080111a8   0x00000014   Code   RO         5430    i.xTaskGetTickCountFromISR  tasks.o
    0x080111bc   0x080111bc   0x00000148   Code   RO         5431    i.xTaskIncrementTick  tasks.o
    0x08011304   0x08011304   0x000000c8   Code   RO         5434    i.xTaskPriorityDisinherit  tasks.o
    0x080113cc   0x080113cc   0x00000098   Code   RO         5436    i.xTaskRemoveFromEventList  tasks.o
    0x08011464   0x08011464   0x00000104   Code   RO         5437    i.xTaskResumeAll    tasks.o
    0x08011568   0x08011568   0x00000078   Code   RO         5761    i.xTimerCreateTimerTask  timers.o
    0x080115e0   0x080115e0   0x00000084   Code   RO         5762    i.xTimerGenericCommand  timers.o
    0x08011664   0x08011664   0x00000044   Code   RO         8211    i.yaw_constraint    gimbal_task.o
    0x080116a8   0x080116a8   0x00000064   Code   RO         6487    i.zerocheckangle    zerocheck.o
    0x0801170c   0x0801170c   0x0000000a   Code   RO         9724    x$fpl$fpinit        fz_wm.l(fpinit.o)
    0x08011716   0x08011716   0x00000000   Code   RO         9595    x$fpl$usenofp       fz_wm.l(usenofp.o)
    0x08011716   0x08011716   0x00000002   PAD
    0x08011718   0x08011718   0x000000e0   Data   RO          325    .constdata          freertos.o
    0x080117f8   0x080117f8   0x00000008   Data   RO         2094    .constdata          stm32f4xx_hal_dma.o
    0x08011800   0x08011800   0x00000018   Data   RO         4852    .constdata          system_stm32f4xx.o
    0x08011818   0x08011818   0x00000010   Data   RO         6434    .constdata          mahonyahrs_dsp.o
    0x08011828   0x08011828   0x00000300   Data   RO         7322    .constdata          dvc_referee.o
    0x08011b28   0x08011b28   0x00000200   Data   RO         8148    .constdata          control_task.o
    0x08011d28   0x08011d28   0x00000075   Data   RO          326    .conststring        freertos.o
    0x08011d9d   0x08011d9d   0x00000003   PAD
    0x08011da0   0x08011da0   0x00000804   Data   RO         9483    .rodata.sinTable_f32  arm_cortexM4lf_math.lib(arm_common_tables.o)
    0x080125a4   0x080125a4   0x00000020   Data   RO         9782    Region$$Table       anon$$obj.o


    Execution Region RW_IRAM1 (Exec base: 0x20000000, Load base: 0x080125c4, Size: 0x0000a3a8, Max: 0x0001c000, ABSOLUTE, COMPRESSED[0x00000108])

    Exec Addr    Load Addr    Size         Type   Attr      Idx    E Section Name        Object

    0x20000000   COMPRESSED   0x00000020   Data   RW          327    .data               freertos.o
    0x20000020   COMPRESSED   0x00000004   Data   RW          511    .data               can.o
    0x20000024   COMPRESSED   0x00000008   Data   RW          558    .data               crc.o
    0x2000002c   COMPRESSED   0x00000009   Data   RW         2544    .data               stm32f4xx_hal.o
    0x20000035   COMPRESSED   0x00000003   PAD
    0x20000038   COMPRESSED   0x00000004   Data   RW         4853    .data               system_stm32f4xx.o
    0x2000003c   COMPRESSED   0x0000003c   Data   RW         5440    .data               tasks.o
    0x20000078   COMPRESSED   0x00000014   Data   RW         5770    .data               timers.o
    0x2000008c   COMPRESSED   0x00000020   Data   RW         6301    .data               heap_4.o
    0x200000ac   COMPRESSED   0x0000000c   Data   RW         6357    .data               port.o
    0x200000b8   COMPRESSED   0x0000003c   Data   RW         6527    .data               bmi088driver.o
    0x200000f4   COMPRESSED   0x00000008   Data   RW         6803    .data               motion.o
    0x200000fc   COMPRESSED   0x00000022   Data   RW         6979    .data               drv_can_receive.o
    0x2000011e   COMPRESSED   0x00000002   PAD
    0x20000120   COMPRESSED   0x00000040   Data   RW         7929    .data               bsp_dwt.o
    0x20000160   COMPRESSED   0x00000001   Data   RW         7998    .data               calibrate_task.o
    0x20000161   COMPRESSED   0x00000001   PAD
    0x20000162   COMPRESSED   0x00000002   Data   RW         8149    .data               control_task.o
    0x20000164   COMPRESSED   0x00000038   Data   RW         8280    .data               ins_task.o
    0x2000019c   COMPRESSED   0x00000002   Data   RW         8392    .data               referee_task.o
    0x2000019e   COMPRESSED   0x00000002   PAD
    0x200001a0   COMPRESSED   0x0000004e   Data   RW         8546    .data               usbd_desc.o
    0x200001ee   COMPRESSED   0x00000002   PAD
    0x200001f0   COMPRESSED   0x00000018   Data   RW         8633    .data               usbd_cdc_if.o
    0x20000208   COMPRESSED   0x00000001   Data   RW         9076    .data               usbd_ctlreq.o
    0x20000209   COMPRESSED   0x00000003   PAD
    0x2000020c   COMPRESSED   0x0000008a   Data   RW         9239    .data               usbd_cdc.o
    0x20000296   COMPRESSED   0x00000002   PAD
    0x20000298        -       0x000006a8   Zero   RW          324    .bss                freertos.o
    0x20000940        -       0x00000050   Zero   RW          510    .bss                can.o
    0x20000990        -       0x00000010   Zero   RW          624    .bss                rng.o
    0x200009a0        -       0x00000118   Zero   RW          666    .bss                spi.o
    0x20000ab8        -       0x00000048   Zero   RW          709    .bss                tim.o
    0x20000b00        -       0x000002b8   Zero   RW          759    .bss                usart.o
    0x20000db8        -       0x00000040   Zero   RW         5060    .bss                queue.o
    0x20000df8        -       0x000000f0   Zero   RW         5439    .bss                tasks.o
    0x20000ee8        -       0x00000110   Zero   RW         5769    .bss                timers.o
    0x20000ff8        -       0x00006000   Zero   RW         6300    .bss                heap_4.o
    0x20006ff8        -       0x00000074   Zero   RW         6433    .bss                mahonyahrs_dsp.o
    0x2000706c        -       0x000000a0   Zero   RW         6526    .bss                bmi088driver.o
    0x2000710c        -       0x0000000c   Zero   RW         6802    .bss                motion.o
    0x20007118        -       0x000000f0   Zero   RW         6978    .bss                drv_can_receive.o
    0x20007208        -       0x00000024   Zero   RW         7273    .bss                heat_control.o
    0x2000722c        -       0x00000ab7   Zero   RW         7321    .bss                dvc_referee.o
    0x20007ce3   COMPRESSED   0x00000001   PAD
    0x20007ce4        -       0x0000013c   Zero   RW         8038    .bss                chassis_task.o
    0x20007e20        -       0x00000051   Zero   RW         8147    .bss                control_task.o
    0x20007e71   COMPRESSED   0x00000003   PAD
    0x20007e74        -       0x000000b0   Zero   RW         8212    .bss                gimbal_task.o
    0x20007f24   COMPRESSED   0x0000001c   PAD
    0x20007f40        -       0x00000145   Zero   RW         8279    .bss                ins_task.o
    0x20008085   COMPRESSED   0x00000003   PAD
    0x20008088        -       0x000000e0   Zero   RW         8342    .bss                shooter_task.o
    0x20008168        -       0x000002dc   Zero   RW         8506    .bss                usb_device.o
    0x20008444        -       0x00000200   Zero   RW         8545    .bss                usbd_desc.o
    0x20008644        -       0x00001000   Zero   RW         8632    .bss                usbd_cdc_if.o
    0x20009644        -       0x00000704   Zero   RW         8723    .bss                usbd_conf.o
    0x20009d48        -       0x00000060   Zero   RW         9640    .bss                c_w.l(libspace.o)
    0x20009da8        -       0x00000200   Zero   RW            2    HEAP                startup_stm32f407xx.o
    0x20009fa8        -       0x00000400   Zero   RW            1    STACK               startup_stm32f407xx.o


    Execution Region RW_IRAM2 (Exec base: 0x2001c000, Load base: 0x080126cc, Size: 0x00000000, Max: 0x00004000, ABSOLUTE)

    **** No section assigned to this execution region ****


==============================================================================

Image component sizes


      Code (inc. data)   RO Data    RW Data    ZI Data      Debug   Object Name

       500          8          0          0          0       2970   alg_filter.o
       588         14          0          0          0       5108   alg_pid.o
      3230        200          0         60        160     585177   bmi088driver.o
       216         28          0          0          0       4804   bmi088middleware.o
        92          8          0          0          0     571322   bsp_can.o
       400         74          0         64          0       3251   bsp_dwt.o
     10428        170          0          0          0       5638   bsp_spi.o
       164         34          0          1          0       1325   calibrate_task.o
       488         44          0          4         80       2438   can.o
      1312        102          0          0        316      24934   chassis_task.o
       206          0          0          0          0      30128   cmsis_os.o
       750         50        512          2         81      10682   control_task.o
        84         18          0          8          0       1495   crc.o
       184          6          0          0          0        854   dma.o
       756        102          0         34        240       7816   drv_can_receive.o
       594         10        768          0       2743     626358   dvc_referee.o
         0          0          0          0          0      19676   event_groups.o
       284         56        341         32       1704      36671   freertos.o
       840         96          0          0        176       6115   gimbal_task.o
       512         30          0          0          0       1805   gpio.o
       724         74          0         32      24576       4867   heap_4.o
       792         62          0          0         36       4280   heat_control.o
      3384        242          0         56        325       8145   ins_task.o
       148          0          0          0          0       3562   list.o
      1276         36         16          0        116      21044   mahonyahrs_dsp.o
       366         30          0          0          0     753576   main.o
        64          6          0          8         12       1885   motion.o
      1014         92          0         12          0      12041   port.o
      1918         20          0          0         64      17356   queue.o
       308         38          0          2          0       6593   referee_task.o
        84         18          0          0         16       1495   rng.o
       808         86          0          0        224       4747   shooter_task.o
       700         24          0          0          0       6534   smc.o
       416         38          0          0        280       1931   spi.o
        64         26        392          0       1536        844   startup_stm32f407xx.o
       212         36          0          9          0       9405   stm32f4xx_hal.o
      2144          4          0          0          0      14391   stm32f4xx_hal_can.o
       312         22          0          0          0      34331   stm32f4xx_hal_cortex.o
        32          0          0          0          0       1047   stm32f4xx_hal_crc.o
      1436         16          8          0          0       7030   stm32f4xx_hal_dma.o
       900         90          0          0          0       3629   stm32f4xx_hal_gpio.o
        84          6          0          0          0        862   stm32f4xx_hal_msp.o
      3562         16          0          0          0      13804   stm32f4xx_hal_pcd.o
        90          0          0          0          0       2437   stm32f4xx_hal_pcd_ex.o
      1820         84          0          0          0       5640   stm32f4xx_hal_rcc.o
        52          0          0          0          0       1079   stm32f4xx_hal_rng.o
      1136         12          0          0          0       4653   stm32f4xx_hal_spi.o
      1432        112          0          0          0       8726   stm32f4xx_hal_tim.o
      2672         28          0          0          0      15705   stm32f4xx_hal_uart.o
       232         60          0          0          0       9862   stm32f4xx_it.o
      3908         84          0          0          0      22868   stm32f4xx_ll_usb.o
         0          0          0          0          0        384   stream_buffer.o
        20          6         24          4          0       1127   system_stm32f4xx.o
      4184        452          0         60        240      35481   tasks.o
       260         30          0          0         72       2298   tim.o
      1318        124          0         20        272      30579   timers.o
      1016         96          0          0        696       3615   usart.o
        76         16          0          0        732        780   usb_device.o
      1684         48          0        138          0      13475   usbd_cdc.o
       200         28          0         24       4096      17258   usbd_cdc_if.o
      1036         26          0          0       1796      17660   usbd_conf.o
      1372          0          0          0          0      16573   usbd_core.o
      2366         30          0          1          0      17880   usbd_ctlreq.o
       386        122          0         78        512       8121   usbd_desc.o
       182          0          0          0          0       4724   usbd_ioreq.o
        88         16          0          0          0        562   usbreceive_task.o
       100         12          0          0          0        713   zerocheck.o

    ----------------------------------------------------------------------
     68072       3418       2096        664      41136    3124166   Object Totals
         0          0         32          0          0          0   (incl. Generated)
        66          0          3         15         35          0   (incl. Padding)

    ----------------------------------------------------------------------

      Code (inc. data)   RO Data    RW Data    ZI Data      Debug   Library Member Name

         0          0       2052          0          0       6294   arm_common_tables.o
       156          4          0          0          0       1157   arm_dot_prod_f32.o
         8          0          0          0          0        841   arm_mat_init_f32.o
       102          0          0          0          0       1196   arm_scale_f32.o
       292         16          0          0          0       1600   arm_sin_cos_f32.o
       142          0          0          0          0       1124   arm_sub_f32.o
        90          0          0          0          0          0   __dczerorl2.o
         8          0          0          0          0         68   __main.o
         0          0          0          0          0          0   __rtentry.o
        12          0          0          0          0          0   __rtentry2.o
         6          0          0          0          0          0   __rtentry4.o
        52          8          0          0          0          0   __scatter.o
        28          0          0          0          0          0   __scatter_zi.o
        22          0          0          0          0        100   _rserrno.o
        16          0          0          0          0         68   aeabi_memset.o
        18          0          0          0          0         80   exit.o
         6          0          0          0          0        152   heapauxi.o
         0          0          0          0          0          0   indicate_semi.o
         2          0          0          0          0          0   libinit.o
         6          0          0          0          0          0   libinit2.o
         2          0          0          0          0          0   libshutdown.o
         2          0          0          0          0          0   libshutdown2.o
         8          4          0          0         96         68   libspace.o
       238          0          0          0          0        100   lludivv7m.o
         8          4          0          0          0         68   rt_errno_addr_intlibspace.o
        68          0          0          0          0         68   rt_memclr.o
        78          0          0          0          0         80   rt_memclr_w.o
       138          0          0          0          0         68   rt_memcpy_v6.o
       100          0          0          0          0         80   rt_memcpy_w.o
         2          0          0          0          0          0   rtexit.o
        10          0          0          0          0          0   rtexit2.o
        62          0          0          0          0         76   strlen.o
        12          4          0          0          0         68   sys_exit.o
        74          0          0          0          0         80   sys_stackheap_outer.o
         2          0          0          0          0         68   use_no_semi.o
        10          0          0          0          0        116   fpinit.o
         0          0          0          0          0          0   usenofp.o
       300         42          0          0          0        176   asinf.o
       684         90          0          0          0        208   atan2f.o
        38          0          0          0          0        116   fpclassifyf.o
        44         12          0          0          0        464   funder.o
       120          0          0          0          0        272   sqrtf.o

    ----------------------------------------------------------------------
      2984        184       2052          0         96      14856   Library Totals
        18          0          0          0          0          0   (incl. Padding)

    ----------------------------------------------------------------------

      Code (inc. data)   RO Data    RW Data    ZI Data      Debug   Library Name

       700         20       2052          0          0      12212   arm_cortexM4lf_math.lib
      1070         20          0          0         96       1292   c_w.l
        10          0          0          0          0        116   fz_wm.l
      1186        144          0          0          0       1236   m_wm.l

    ----------------------------------------------------------------------
      2984        184       2052          0         96      14856   Library Totals

    ----------------------------------------------------------------------

==============================================================================


      Code (inc. data)   RO Data    RW Data    ZI Data      Debug   

     71056       3602       4148        664      41232    3093034   Grand Totals
     71056       3602       4148        264      41232    3093034   ELF Image Totals (compressed)
     71056       3602       4148        264          0          0   ROM Totals

==============================================================================

    Total RO  Size (Code + RO Data)                75204 (  73.44kB)
    Total RW  Size (RW Data + ZI Data)             41896 (  40.91kB)
    Total ROM Size (Code + RO Data + RW Data)      75468 (  73.70kB)

==============================================================================

